Godot Engine v4.7.2.stable.official.ed1daf0bf - https://godotengine.org

[   0% ] first_scan_filesystem | Started プロジェクトの初期化 (5 steps)
[   0% ] first_scan_filesystem | ファイル構造をスキャン中...
[  16% ] first_scan_filesystem | グローバルクラス名を読み込み中...
[  33% ] first_scan_filesystem | GDExtensionを検証中...
[  50% ] first_scan_filesystem | 自動読み込みスクリプトを作成中...
[  66% ] first_scan_filesystem | プラグインを初期化中...
[  83% ] first_scan_filesystem | ファイルスキャンを開始...
[ DONE ] first_scan_filesystem

[   0% ] savepack | Started パック中 (102 steps)
[   1% ] savepack | ファイルの保存中: res://.godot/imported/cart.png-df3d355ff7b64bdd7e697444520a302d.ctex
[   1% ] savepack | ファイルの保存中: res://art_delivery/cart_ui_detail_v1/cart.png.import
[   1% ] savepack | ファイルの保存中: res://art_delivery/cart_ui_detail_v1/manifest.json
[   1% ] savepack | ファイルの保存中: res://.godot/imported/idle_left_00.png-9fd74a880096a6371bfe8ae68a46462b.ctex
[   1% ] savepack | ファイルの保存中: res://art_delivery/characters_motion_v1/keeper/idle_left_00.png.import
[   1% ] savepack | ファイルの保存中: res://.godot/imported/rest_left_00.png-fcff6ad37e46a1a6a2827cb503f35963.ctex
[   1% ] savepack | ファイルの保存中: res://art_delivery/characters_motion_v1/keeper/rest_left_00.png.import
[   1% ] savepack | ファイルの保存中: res://.godot/imported/rest_left_01.png-6ffc2cd21e1a156a668bb012f72e47ff.ctex
[   1% ] savepack | ファイルの保存中: res://art_delivery/characters_motion_v1/keeper/rest_left_01.png.import
[   2% ] savepack | ファイルの保存中: res://assets/fonts/OFL.txt
[   2% ] savepack | ファイルの保存中: res://.godot/imported/rest_right_00.png-0ca81f5dbc2cbe5369c13b5540f88f38.ctex
[   2% ] savepack | ファイルの保存中: res://art_delivery/characters_motion_v1/keeper/rest_right_00.png.import
[   2% ] savepack | ファイルの保存中: res://.godot/imported/rest_right_01.png-c27dac2bf2d8beceb9192dfe418efec0.ctex
[   2% ] savepack | ファイルの保存中: res://art_delivery/characters_motion_v1/keeper/rest_right_01.png.import
[   2% ] savepack | ファイルの保存中: res://assets/GODOT_COPYRIGHT.txt
[   3% ] savepack | ファイルの保存中: res://.godot/imported/settle_left_00.png-9cc533e37e84b07cd38aab14fc006f19.ctex
[   3% ] savepack | ファイルの保存中: res://art_delivery/characters_motion_v1/keeper/settle_left_00.png.import
[   3% ] savepack | ファイルの保存中: res://.godot/imported/settle_left_01.png-3614c2e1e7e15bca962e5c325d7ab0df.ctex
[   3% ] savepack | ファイルの保存中: res://art_delivery/characters_motion_v1/keeper/settle_left_01.png.import
[   3% ] savepack | ファイルの保存中: res://.godot/imported/wood_mask_11.png-0af6808df89dfcd32ade5c692cb38058.ctex
[   3% ] savepack | ファイルの保存中: res://art_delivery/wood_buildings_v1/wall/normal/wood_mask_11.png.import
[   3% ] savepack | ファイルの保存中: res://.godot/imported/settle_right_00.png-4b08741c8cb088e1e4500c41b39da555.ctex
[   3% ] savepack | ファイルの保存中: res://art_delivery/characters_motion_v1/keeper/settle_right_00.png.import
[   3% ] savepack | ファイルの保存中: res://.godot/imported/settle_right_01.png-8056e21e17ded7bd8245b0d8a0eeb2b0.ctex
[   3% ] savepack | ファイルの保存中: res://art_delivery/characters_motion_v1/keeper/settle_right_01.png.import
[   4% ] savepack | ファイルの保存中: res://.godot/imported/wood_mask_12.png-fb620333ad167f848f33b3bc84d1c926.ctex
[   4% ] savepack | ファイルの保存中: res://art_delivery/wood_buildings_v1/wall/normal/wood_mask_12.png.import
[   4% ] savepack | ファイルの保存中: res://.godot/imported/sleep_left_00.png-77829ed1fc72ed7b5d72792102a52aae.ctex
[   4% ] savepack | ファイルの保存中: res://art_delivery/characters_motion_v1/keeper/sleep_left_00.png.import
[   4% ] savepack | ファイルの保存中: res://.godot/imported/sleep_left_01.png-ffab63a2897251b2ce3b9467dc37e6df.ctex
[   4% ] savepack | ファイルの保存中: res://art_delivery/characters_motion_v1/keeper/sleep_left_01.png.import
[   4% ] savepack | ファイルの保存中: res://.godot/imported/wood_mask_13.png-8b07b974efb413aebbdb8aa63a4a5db2.ctex
[   4% ] savepack | ファイルの保存中: res://art_delivery/wood_buildings_v1/wall/normal/wood_mask_13.png.import
[   5% ] savepack | ファイルの保存中: res://.godot/imported/sleep_right_00.png-55050492b0e27a18486155acfc75500b.ctex
[   5% ] savepack | ファイルの保存中: res://art_delivery/characters_motion_v1/keeper/sleep_right_00.png.import
[   5% ] savepack | ファイルの保存中: res://.godot/imported/sleep_right_01.png-332f02c55844b0a176d2fd0565570d31.ctex
[   5% ] savepack | ファイルの保存中: res://art_delivery/characters_motion_v1/keeper/sleep_right_01.png.import
[   5% ] savepack | ファイルの保存中: res://.godot/imported/wood_mask_14.png-1a9b5918a55c1d9ce749040c9f4a40a2.ctex
[   5% ] savepack | ファイルの保存中: res://art_delivery/wood_buildings_v1/wall/normal/wood_mask_14.png.import
[   5% ] savepack | ファイルの保存中: res://.godot/imported/wake_left_00.png-34dff1e27faa4919095ba49af7d54888.ctex
[   5% ] savepack | ファイルの保存中: res://art_delivery/characters_motion_v1/keeper/wake_left_00.png.import
[   6% ] savepack | ファイルの保存中: res://.godot/imported/wake_left_01.png-f287780cc4c6df7ee5405d380634e128.ctex
[   6% ] savepack | ファイルの保存中: res://art_delivery/characters_motion_v1/keeper/wake_left_01.png.import
[   6% ] savepack | ファイルの保存中: res://.godot/imported/wood_mask_15.png-46bcd91d78abf5a626a86bcf83faae8e.ctex
[   6% ] savepack | ファイルの保存中: res://art_delivery/wood_buildings_v1/wall/normal/wood_mask_15.png.import
[   6% ] savepack | ファイルの保存中: res://.godot/imported/wake_right_00.png-577251fb4dddbfe6a2caaadf9974e5ca.ctex
[   6% ] savepack | ファイルの保存中: res://art_delivery/characters_motion_v1/keeper/wake_right_00.png.import
[   6% ] savepack | ファイルの保存中: res://.godot/imported/wake_right_01.png-a6545d07da76cff37ca9eb1528a14248.ctex
[   6% ] savepack | ファイルの保存中: res://art_delivery/characters_motion_v1/keeper/wake_right_01.png.import
[   6% ] savepack | ファイルの保存中: res://art_delivery/wood_buildings_v1/manifest.json
[   7% ] savepack | ファイルの保存中: res://.godot/imported/walk_left_00.png-82c81331846f3eab7a35e53618628b81.ctex
[   7% ] savepack | ファイルの保存中: res://art_delivery/characters_motion_v1/keeper/walk_left_00.png.import
[   7% ] savepack | ファイルの保存中: res://.godot/imported/walk_left_01.png-41bdaa2cc4b16da5e1802578795d47e7.ctex
[   7% ] savepack | ファイルの保存中: res://art_delivery/characters_motion_v1/keeper/walk_left_01.png.import
[   7% ] savepack | ファイルの保存中: res://.godot/imported/walk_left_02.png-fef18b28b320b4836175be54baed756c.ctex
[   7% ] savepack | ファイルの保存中: res://art_delivery/characters_motion_v1/keeper/walk_left_02.png.import
[   7% ] savepack | ファイルの保存中: res://.godot/imported/walk_left_03.png-f2487fa856ce4f3ab4fe2362686b7333.ctex
[   7% ] savepack | ファイルの保存中: res://art_delivery/characters_motion_v1/keeper/walk_left_03.png.import
[   8% ] savepack | ファイルの保存中: res://.godot/imported/NotoSansJP.ttf-2659246e986fc2d136c17e42de851678.fontdata
[   8% ] savepack | ファイルの保存中: res://assets/fonts/NotoSansJP.ttf.import
[   8% ] savepack | ファイルの保存中: res://.godot/imported/walk_right_00.png-03ff0f3ab46ce8da10bd35124a89a303.ctex
[   8% ] savepack | ファイルの保存中: res://art_delivery/characters_motion_v1/keeper/walk_right_00.png.import
[   8% ] savepack | ファイルの保存中: res://.godot/imported/walk_right_01.png-7d5f2ec18b7e28da67951f9e06310022.ctex
[   8% ] savepack | ファイルの保存中: res://art_delivery/characters_motion_v1/keeper/walk_right_01.png.import
[   8% ] savepack | ファイルの保存中: res://.godot/imported/walk_right_02.png-a403c158f68682d408b04e7afc00ecc9.ctex
[   8% ] savepack | ファイルの保存中: res://art_delivery/characters_motion_v1/keeper/walk_right_02.png.import
[   9% ] savepack | ファイルの保存中: res://.godot/imported/walk_right_03.png-92f3ae02571d176e98ea193b293ea299.ctex
[   9% ] savepack | ファイルの保存中: res://art_delivery/characters_motion_v1/keeper/walk_right_03.png.import
[   9% ] savepack | ファイルの保存中: res://.godot/exported/133200997/export-c9f63981c2767fcf8f86c2a5c40c48f5-ui_font.res
[   9% ] savepack | ファイルの保存中: res://.godot/imported/rest_left_00.png-f6c4dfc36cb240334c638c7227049bd8.ctex
[   9% ] savepack | ファイルの保存中: res://art_delivery/characters_motion_v1/shiba/rest_left_00.png.import
[   9% ] savepack | ファイルの保存中: res://.godot/imported/rest_left_01.png-b2bd2da8748897cafe87bfd8973f43e4.ctex
[   9% ] savepack | ファイルの保存中: res://art_delivery/characters_motion_v1/shiba/rest_left_01.png.import
[   9% ] savepack | ファイルの保存中: res://.godot/imported/paper-frame.svg-3213a106f5a0cbcef663f24861c11d8b.ctex
[   9% ] savepack | ファイルの保存中: res://assets/ui/paper-frame.svg.import
[  10% ] savepack | ファイルの保存中: res://.godot/imported/rest_right_00.png-a475cabd9a5255aa9aa9efbb0cfad497.ctex
[  10% ] savepack | ファイルの保存中: res://art_delivery/characters_motion_v1/shiba/rest_right_00.png.import
[  10% ] savepack | ファイルの保存中: res://.godot/imported/rest_right_01.png-1bc7f69de41463affe8d11a7c1c47e83.ctex
[  10% ] savepack | ファイルの保存中: res://art_delivery/characters_motion_v1/shiba/rest_right_01.png.import
[  10% ] savepack | ファイルの保存中: res://game/adopted_art.gdc
[  10% ] savepack | ファイルの保存中: res://.godot/imported/settle_left_00.png-b8ed338bfdb08131fef43c4695f60cc0.ctex
[  10% ] savepack | ファイルの保存中: res://art_delivery/characters_motion_v1/shiba/settle_left_00.png.import
[  11% ] savepack | ファイルの保存中: res://.godot/imported/settle_left_01.png-b9ac7cfd4336c53ce255bc434a7a94d6.ctex
[  11% ] savepack | ファイルの保存中: res://art_delivery/characters_motion_v1/shiba/settle_left_01.png.import
[  11% ] savepack | ファイルの保存中: res://game/animal_data.gdc
[  11% ] savepack | ファイルの保存中: res://.godot/imported/settle_right_00.png-93e33af7904eee208d0a5ff689a19949.ctex
[  11% ] savepack | ファイルの保存中: res://art_delivery/characters_motion_v1/shiba/settle_right_00.png.import
[  11% ] savepack | ファイルの保存中: res://.godot/imported/settle_right_01.png-f1e39e987a68d31312b3609f24a39cc3.ctex
[  11% ] savepack | ファイルの保存中: res://art_delivery/characters_motion_v1/shiba/settle_right_01.png.import
[  12% ] savepack | ファイルの保存中: res://game/animal_orders.gdc
[  12% ] savepack | ファイルの保存中: res://.godot/imported/wake_left_00.png-8c4e1b69e32875b58fc1de72be3f8232.ctex
[  12% ] savepack | ファイルの保存中: res://art_delivery/characters_motion_v1/shiba/wake_left_00.png.import
[  12% ] savepack | ファイルの保存中: res://.godot/imported/wake_left_01.png-1bebcc5623c2931744e8742d126443ba.ctex
[  12% ] savepack | ファイルの保存中: res://art_delivery/characters_motion_v1/shiba/wake_left_01.png.import
[  12% ] savepack | ファイルの保存中: res://game/art_provenance.json
[  12% ] savepack | ファイルの保存中: res://.godot/imported/wake_right_00.png-337c6f68ebedb0a6135a6b8ce8ed4a1d.ctex
[  12% ] savepack | ファイルの保存中: res://art_delivery/characters_motion_v1/shiba/wake_right_00.png.import
[  13% ] savepack | ファイルの保存中: res://.godot/imported/wake_right_01.png-17c7c66726ac614d111a96c624cd3aa3.ctex
[  13% ] savepack | ファイルの保存中: res://art_delivery/characters_motion_v1/shiba/wake_right_01.png.import
[  13% ] savepack | ファイルの保存中: res://game/board_art.gdc
[  13% ] savepack | ファイルの保存中: res://.godot/imported/walk_left_00.png-8145bdec2274c4d3803b7eea577fdd51.ctex
[  13% ] savepack | ファイルの保存中: res://art_delivery/characters_motion_v1/shiba/walk_left_00.png.import
[  13% ] savepack | ファイルの保存中: res://.godot/imported/walk_left_01.png-815d387fde99d4b52a21da34ae239316.ctex
[  13% ] savepack | ファイルの保存中: res://art_delivery/characters_motion_v1/shiba/walk_left_01.png.import
[  14% ] savepack | ファイルの保存中: res://.godot/imported/walk_left_02.png-f8fa6347ededc6d9b1248038950568fc.ctex
[  14% ] savepack | ファイルの保存中: res://art_delivery/characters_motion_v1/shiba/walk_left_02.png.import
[  14% ] savepack | ファイルの保存中: res://.godot/imported/walk_left_03.png-72326cf063c409725ea31c8e8da37bf7.ctex
[  14% ] savepack | ファイルの保存中: res://art_delivery/characters_motion_v1/shiba/walk_left_03.png.import
[  14% ] savepack | ファイルの保存中: res://game/book_view.gdc
[  14% ] savepack | ファイルの保存中: res://.godot/imported/walk_right_00.png-2af86f35a288f7d82700ea6d013fd075.ctex
[  14% ] savepack | ファイルの保存中: res://art_delivery/characters_motion_v1/shiba/walk_right_00.png.import
[  15% ] savepack | ファイルの保存中: res://.godot/imported/walk_right_01.png-8147d6dd72bc42f36dede9741773dc9c.ctex
[  15% ] savepack | ファイルの保存中: res://art_delivery/characters_motion_v1/shiba/walk_right_01.png.import
[  15% ] savepack | ファイルの保存中: res://.godot/imported/walk_right_02.png-7b305bcb190a75eceb478d871ed2a9f2.ctex
[  15% ] savepack | ファイルの保存中: res://art_delivery/characters_motion_v1/shiba/walk_right_02.png.import
[  15% ] savepack | ファイルの保存中: res://.godot/imported/walk_right_03.png-8e88b2440bb48829529578c01b78a158.ctex
[  15% ] savepack | ファイルの保存中: res://art_delivery/characters_motion_v1/shiba/walk_right_03.png.import
[  15% ] savepack | ファイルの保存中: res://game/buildings.gdc
[  15% ] savepack | ファイルの保存中: res://art_delivery/characters_motion_v1/manifest.json
[  16% ] savepack | ファイルの保存中: res://.godot/imported/keeper_idle_right_00.png-1d6b61430df0609e04f4ef9ef3bc605e.ctex
[  16% ] savepack | ファイルの保存中: res://art_delivery/characters_v1/keeper_idle_right_00.png.import
[  16% ] savepack | ファイルの保存中: res://art_delivery/characters_v1/manifest.json
[  16% ] savepack | ファイルの保存中: res://.godot/imported/shiba_idle_front_00.png-45c1aff554711c09ccc62c3c14cecc3d.ctex
[  16% ] savepack | ファイルの保存中: res://art_delivery/characters_v1/shiba_idle_front_00.png.import
[  16% ] savepack | ファイルの保存中: res://.godot/imported/shiba_idle_left_00.png-9717761d2bd9a92381c8b4634f506031.ctex
[  16% ] savepack | ファイルの保存中: res://art_delivery/characters_v1/shiba_idle_left_00.png.import
[  17% ] savepack | ファイルの保存中: res://.godot/imported/shiba_idle_right_00.png-1e28c90d3998ca94e5c42e448ebbe8b9.ctex
[  17% ] savepack | ファイルの保存中: res://art_delivery/characters_v1/shiba_idle_right_00.png.import
[  17% ] savepack | ファイルの保存中: res://.godot/imported/e.png-15b4022dbc8bfb0f42f8fc6e317f7e40.ctex
[  17% ] savepack | ファイルの保存中: res://art_delivery/earth_stone_buildings_v1/soil/floor/boundary/e.png.import
[  17% ] savepack | ファイルの保存中: res://.godot/imported/n.png-fe8dd3c9f6429e9676dd2d53dcab344d.ctex
[  17% ] savepack | ファイルの保存中: res://art_delivery/earth_stone_buildings_v1/soil/floor/boundary/n.png.import
[  17% ] savepack | ファイルの保存中: res://.godot/imported/s.png-3f6867b51abc21004581f5a637849b4f.ctex
[  17% ] savepack | ファイルの保存中: res://art_delivery/earth_stone_buildings_v1/soil/floor/boundary/s.png.import
[  18% ] savepack | ファイルの保存中: res://.godot/imported/w.png-0850272c7cc9cd8bfbf6dbf8b33b3f17.ctex
[  18% ] savepack | ファイルの保存中: res://art_delivery/earth_stone_buildings_v1/soil/floor/boundary/w.png.import
[  18% ] savepack | ファイルの保存中: res://.godot/imported/mask_00.png-a126caea8bc711b7140a1d278fbc3fde.ctex
[  18% ] savepack | ファイルの保存中: res://art_delivery/earth_stone_buildings_v1/soil/floor/perimeter/mask_00.png.import
[  18% ] savepack | ファイルの保存中: res://.godot/imported/mask_01.png-ac71235c9f0411dd7674ea3d1f245c3f.ctex
[  18% ] savepack | ファイルの保存中: res://art_delivery/earth_stone_buildings_v1/soil/floor/perimeter/mask_01.png.import
[  18% ] savepack | ファイルの保存中: res://.godot/imported/mask_02.png-92a872cbf3df076ca719988123a71867.ctex
[  18% ] savepack | ファイルの保存中: res://art_delivery/earth_stone_buildings_v1/soil/floor/perimeter/mask_02.png.import
[  18% ] savepack | ファイルの保存中: res://.godot/imported/mask_03.png-e1539ab8752b6aa7e08fac71d941365b.ctex
[  18% ] savepack | ファイルの保存中: res://art_delivery/earth_stone_buildings_v1/soil/floor/perimeter/mask_03.png.import
[  19% ] savepack | ファイルの保存中: res://.godot/imported/mask_04.png-c356e8c37127a16946365b2f6affe95d.ctex
[  19% ] savepack | ファイルの保存中: res://art_delivery/earth_stone_buildings_v1/soil/floor/perimeter/mask_04.png.import
[  19% ] savepack | ファイルの保存中: res://.godot/imported/mask_05.png-24f57c8041cb590f01106bdaa6f34eaf.ctex
[  19% ] savepack | ファイルの保存中: res://art_delivery/earth_stone_buildings_v1/soil/floor/perimeter/mask_05.png.import
[  19% ] savepack | ファイルの保存中: res://.godot/imported/mask_06.png-9d2f367a4748fc4f583abb4d08b63ee1.ctex
[  19% ] savepack | ファイルの保存中: res://art_delivery/earth_stone_buildings_v1/soil/floor/perimeter/mask_06.png.import
[  19% ] savepack | ファイルの保存中: res://.godot/imported/mask_07.png-c0934a49c5179751293043d16e7c7436.ctex
[  19% ] savepack | ファイルの保存中: res://art_delivery/earth_stone_buildings_v1/soil/floor/perimeter/mask_07.png.import
[  20% ] savepack | ファイルの保存中: res://.godot/imported/mask_08.png-a246ff60e02eeff18651e43eda508578.ctex
[  20% ] savepack | ファイルの保存中: res://art_delivery/earth_stone_buildings_v1/soil/floor/perimeter/mask_08.png.import
[  20% ] savepack | ファイルの保存中: res://.godot/imported/mask_09.png-56e823faa57bac5da6b263200548f4e3.ctex
[  20% ] savepack | ファイルの保存中: res://art_delivery/earth_stone_buildings_v1/soil/floor/perimeter/mask_09.png.import
[  20% ] savepack | ファイルの保存中: res://.godot/imported/mask_10.png-80072f91a9b32b5cc28482ac13f6f599.ctex
[  20% ] savepack | ファイルの保存中: res://art_delivery/earth_stone_buildings_v1/soil/floor/perimeter/mask_10.png.import
[  20% ] savepack | ファイルの保存中: res://.godot/imported/mask_11.png-af8e467a16f1d85c806645b322897d1e.ctex
[  20% ] savepack | ファイルの保存中: res://art_delivery/earth_stone_buildings_v1/soil/floor/perimeter/mask_11.png.import
[  21% ] savepack | ファイルの保存中: res://.godot/imported/mask_12.png-34fef0dda10b2b59dd48ad3f100e1d24.ctex
[  21% ] savepack | ファイルの保存中: res://art_delivery/earth_stone_buildings_v1/soil/floor/perimeter/mask_12.png.import
[  21% ] savepack | ファイルの保存中: res://.godot/imported/mask_13.png-d2f90884a4205f44484494a2f67316bb.ctex
[  21% ] savepack | ファイルの保存中: res://art_delivery/earth_stone_buildings_v1/soil/floor/perimeter/mask_13.png.import
[  21% ] savepack | ファイルの保存中: res://.godot/imported/mask_14.png-bb7cc9cd1ae9cba61865200c86af81f8.ctex
[  21% ] savepack | ファイルの保存中: res://art_delivery/earth_stone_buildings_v1/soil/floor/perimeter/mask_14.png.import
[  21% ] savepack | ファイルの保存中: res://.godot/imported/mask_15.png-f99183799c37dfb41f7fb012dec4fe3a.ctex
[  21% ] savepack | ファイルの保存中: res://art_delivery/earth_stone_buildings_v1/soil/floor/perimeter/mask_15.png.import
[  21% ] savepack | ファイルの保存中: res://.godot/imported/base.png-d1e09664014db9df0512e89b7ea34f48.ctex
[  21% ] savepack | ファイルの保存中: res://art_delivery/earth_stone_buildings_v1/soil/floor/base.png.import
[  22% ] savepack | ファイルの保存中: res://.godot/imported/mask_00.png-a8f4f954cd5b83229d39ca8b329e089d.ctex
[  22% ] savepack | ファイルの保存中: res://art_delivery/earth_stone_buildings_v1/soil/wall/damaged/mask_00.png.import
[  22% ] savepack | ファイルの保存中: res://.godot/imported/mask_01.png-8b0b48242082a506d9745226c4d2b5a0.ctex
[  22% ] savepack | ファイルの保存中: res://art_delivery/earth_stone_buildings_v1/soil/wall/damaged/mask_01.png.import
[  22% ] savepack | ファイルの保存中: res://.godot/imported/mask_02.png-c5a061e72c55f226f42836a64d51901e.ctex
[  22% ] savepack | ファイルの保存中: res://art_delivery/earth_stone_buildings_v1/soil/wall/damaged/mask_02.png.import
[  22% ] savepack | ファイルの保存中: res://.godot/imported/mask_03.png-773e55d799e3d99cefa98b1e8d7b424e.ctex
[  22% ] savepack | ファイルの保存中: res://art_delivery/earth_stone_buildings_v1/soil/wall/damaged/mask_03.png.import
[  23% ] savepack | ファイルの保存中: res://.godot/imported/mask_04.png-b73119253c264ac401f0229de9e74f28.ctex
[  23% ] savepack | ファイルの保存中: res://art_delivery/earth_stone_buildings_v1/soil/wall/damaged/mask_04.png.import
[  23% ] savepack | ファイルの保存中: res://.godot/imported/mask_05.png-bc718123e6313c3ef47b1982bf8cbd50.ctex
[  23% ] savepack | ファイルの保存中: res://art_delivery/earth_stone_buildings_v1/soil/wall/damaged/mask_05.png.import
[  23% ] savepack | ファイルの保存中: res://.godot/imported/mask_06.png-8ec21233167561622e28f3728ff5f28f.ctex
[  23% ] savepack | ファイルの保存中: res://art_delivery/earth_stone_buildings_v1/soil/wall/damaged/mask_06.png.import
[  23% ] savepack | ファイルの保存中: res://.godot/imported/mask_07.png-7db2967d86497a10b5ee47aa4f30dd27.ctex
[  23% ] savepack | ファイルの保存中: res://art_delivery/earth_stone_buildings_v1/soil/wall/damaged/mask_07.png.import
[  23% ] savepack | ファイルの保存中: res://.godot/imported/mask_08.png-9264ddcb38404133d83353c96230448d.ctex
[  23% ] savepack | ファイルの保存中: res://art_delivery/earth_stone_buildings_v1/soil/wall/damaged/mask_08.png.import
[  24% ] savepack | ファイルの保存中: res://.godot/imported/mask_09.png-027a374743af834399979ae37ea57cc7.ctex
[  24% ] savepack | ファイルの保存中: res://art_delivery/earth_stone_buildings_v1/soil/wall/damaged/mask_09.png.import
[  24% ] savepack | ファイルの保存中: res://.godot/imported/mask_10.png-cc09ad9564006f542baed4ab7c87ed82.ctex
[  24% ] savepack | ファイルの保存中: res://art_delivery/earth_stone_buildings_v1/soil/wall/damaged/mask_10.png.import
[  24% ] savepack | ファイルの保存中: res://.godot/imported/mask_11.png-0cbb7f41d40b36a9811fe99456f6c4e3.ctex
[  24% ] savepack | ファイルの保存中: res://art_delivery/earth_stone_buildings_v1/soil/wall/damaged/mask_11.png.import
[  24% ] savepack | ファイルの保存中: res://.godot/imported/mask_12.png-94dcda4039854c37242071e31528e8db.ctex
[  24% ] savepack | ファイルの保存中: res://art_delivery/earth_stone_buildings_v1/soil/wall/damaged/mask_12.png.import
[  25% ] savepack | ファイルの保存中: res://.godot/imported/mask_13.png-50436d07294383d430654d3fea02decc.ctex
[  25% ] savepack | ファイルの保存中: res://art_delivery/earth_stone_buildings_v1/soil/wall/damaged/mask_13.png.import
[  25% ] savepack | ファイルの保存中: res://.godot/imported/mask_14.png-47a5c2bf9f161e4b8053216fc75e545f.ctex
[  25% ] savepack | ファイルの保存中: res://art_delivery/earth_stone_buildings_v1/soil/wall/damaged/mask_14.png.import
[  25% ] savepack | ファイルの保存中: res://.godot/imported/mask_15.png-d918e9f2dc80b1a6196278572fe180bd.ctex
[  25% ] savepack | ファイルの保存中: res://art_delivery/earth_stone_buildings_v1/soil/wall/damaged/mask_15.png.import
[  25% ] savepack | ファイルの保存中: res://.godot/imported/mask_00.png-8a86ac4d604becd490c64e373347b241.ctex
[  25% ] savepack | ファイルの保存中: res://art_delivery/earth_stone_buildings_v1/soil/wall/normal/mask_00.png.import
[  26% ] savepack | ファイルの保存中: res://.godot/imported/mask_01.png-f8bddf5eea38d60053f6ba2398e2ba39.ctex
[  26% ] savepack | ファイルの保存中: res://art_delivery/earth_stone_buildings_v1/soil/wall/normal/mask_01.png.import
[  26% ] savepack | ファイルの保存中: res://.godot/imported/mask_02.png-300e8b45a4107894927d3fae66629a17.ctex
[  26% ] savepack | ファイルの保存中: res://art_delivery/earth_stone_buildings_v1/soil/wall/normal/mask_02.png.import
[  26% ] savepack | ファイルの保存中: res://.godot/imported/mask_03.png-0e6b9a20de275f1134f50b70d75d9855.ctex
[  26% ] savepack | ファイルの保存中: res://art_delivery/earth_stone_buildings_v1/soil/wall/normal/mask_03.png.import
[  26% ] savepack | ファイルの保存中: res://.godot/imported/mask_04.png-951928918a312b702fc149cf7ee0c973.ctex
[  26% ] savepack | ファイルの保存中: res://art_delivery/earth_stone_buildings_v1/soil/wall/normal/mask_04.png.import
[  26% ] savepack | ファイルの保存中: res://.godot/imported/mask_05.png-08348558023e592a131687be27de750d.ctex
[  26% ] savepack | ファイルの保存中: res://art_delivery/earth_stone_buildings_v1/soil/wall/normal/mask_05.png.import
[  27% ] savepack | ファイルの保存中: res://.godot/imported/mask_06.png-919fef191b2bd35c4cc53b14a931a265.ctex
[  27% ] savepack | ファイルの保存中: res://art_delivery/earth_stone_buildings_v1/soil/wall/normal/mask_06.png.import
[  27% ] savepack | ファイルの保存中: res://.godot/imported/mask_07.png-5cbcdc536b983a37410abeb37f71d5eb.ctex
[  27% ] savepack | ファイルの保存中: res://art_delivery/earth_stone_buildings_v1/soil/wall/normal/mask_07.png.import
[  27% ] savepack | ファイルの保存中: res://.godot/imported/mask_08.png-b654b89a2faa3e5eadd57e19213f50cb.ctex
[  27% ] savepack | ファイルの保存中: res://art_delivery/earth_stone_buildings_v1/soil/wall/normal/mask_08.png.import
[  27% ] savepack | ファイルの保存中: res://.godot/imported/mask_09.png-06dfa4f15cb1e363cddd82eceb052593.ctex
[  27% ] savepack | ファイルの保存中: res://art_delivery/earth_stone_buildings_v1/soil/wall/normal/mask_09.png.import
[  28% ] savepack | ファイルの保存中: res://.godot/imported/mask_10.png-6ebb63faf3662a042f8e3a80ff84bea8.ctex
[  28% ] savepack | ファイルの保存中: res://art_delivery/earth_stone_buildings_v1/soil/wall/normal/mask_10.png.import
[  28% ] savepack | ファイルの保存中: res://.godot/imported/mask_11.png-47865a6d6d21501dba28b412562e33a5.ctex
[  28% ] savepack | ファイルの保存中: res://art_delivery/earth_stone_buildings_v1/soil/wall/normal/mask_11.png.import
[  28% ] savepack | ファイルの保存中: res://.godot/imported/mask_12.png-d13bc2dbf8d453bea5054fe0145a0aac.ctex
[  28% ] savepack | ファイルの保存中: res://art_delivery/earth_stone_buildings_v1/soil/wall/normal/mask_12.png.import
[  28% ] savepack | ファイルの保存中: res://.godot/imported/mask_13.png-fd2239b6d87d91b639193e49eeb90b77.ctex
[  28% ] savepack | ファイルの保存中: res://art_delivery/earth_stone_buildings_v1/soil/wall/normal/mask_13.png.import
[  29% ] savepack | ファイルの保存中: res://.godot/imported/mask_14.png-b3a77a225eb0ba0ffb91197684fd2f2e.ctex
[  29% ] savepack | ファイルの保存中: res://art_delivery/earth_stone_buildings_v1/soil/wall/normal/mask_14.png.import
[  29% ] savepack | ファイルの保存中: res://.godot/imported/mask_15.png-af62f78934f5ea7cc45bbe70a1e16d62.ctex
[  29% ] savepack | ファイルの保存中: res://art_delivery/earth_stone_buildings_v1/soil/wall/normal/mask_15.png.import
[  29% ] savepack | ファイルの保存中: res://.godot/imported/e.png-2fda3c840cee0a31339b149078195f57.ctex
[  29% ] savepack | ファイルの保存中: res://art_delivery/earth_stone_buildings_v1/stone/floor/boundary/e.png.import
[  29% ] savepack | ファイルの保存中: res://.godot/imported/n.png-70b2a46db7e64e5c9a8cd30918ff7998.ctex
[  29% ] savepack | ファイルの保存中: res://art_delivery/earth_stone_buildings_v1/stone/floor/boundary/n.png.import
[  29% ] savepack | ファイルの保存中: res://.godot/imported/s.png-1ff8e33d67eb4a441ad2c19ac73fcf6f.ctex
[  29% ] savepack | ファイルの保存中: res://art_delivery/earth_stone_buildings_v1/stone/floor/boundary/s.png.import
[  30% ] savepack | ファイルの保存中: res://.godot/imported/w.png-84b169aa243d46cca600e9cbe7ae8bd5.ctex
[  30% ] savepack | ファイルの保存中: res://art_delivery/earth_stone_buildings_v1/stone/floor/boundary/w.png.import
[  30% ] savepack | ファイルの保存中: res://.godot/imported/mask_00.png-6715ad5591ce2ab11d181248e59b2065.ctex
[  30% ] savepack | ファイルの保存中: res://art_delivery/earth_stone_buildings_v1/stone/floor/perimeter/mask_00.png.import
[  30% ] savepack | ファイルの保存中: res://.godot/imported/mask_01.png-9dc0757c40c96d484ed86125e12df6d2.ctex
[  30% ] savepack | ファイルの保存中: res://art_delivery/earth_stone_buildings_v1/stone/floor/perimeter/mask_01.png.import
[  30% ] savepack | ファイルの保存中: res://.godot/imported/mask_02.png-26a653e01f722f4ecb36976cc2965c39.ctex
[  30% ] savepack | ファイルの保存中: res://art_delivery/earth_stone_buildings_v1/stone/floor/perimeter/mask_02.png.import
[  31% ] savepack | ファイルの保存中: res://.godot/imported/mask_03.png-24a779c40f647b605f5ab78bb8e8fc98.ctex
[  31% ] savepack | ファイルの保存中: res://art_delivery/earth_stone_buildings_v1/stone/floor/perimeter/mask_03.png.import
[  31% ] savepack | ファイルの保存中: res://.godot/imported/mask_04.png-ddb016863280e1986f1d62f18208c503.ctex
[  31% ] savepack | ファイルの保存中: res://art_delivery/earth_stone_buildings_v1/stone/floor/perimeter/mask_04.png.import
[  31% ] savepack | ファイルの保存中: res://.godot/imported/mask_05.png-22b92bd70aab2e3b1149443662ff5afa.ctex
[  31% ] savepack | ファイルの保存中: res://art_delivery/earth_stone_buildings_v1/stone/floor/perimeter/mask_05.png.import
[  31% ] savepack | ファイルの保存中: res://.godot/imported/mask_06.png-9cfc3f1b34be613cebd896c8e094bff1.ctex
[  31% ] savepack | ファイルの保存中: res://art_delivery/earth_stone_buildings_v1/stone/floor/perimeter/mask_06.png.import
[  32% ] savepack | ファイルの保存中: res://.godot/imported/mask_07.png-c204fd3e9f17c87bfd7e47407cfcabd4.ctex
[  32% ] savepack | ファイルの保存中: res://art_delivery/earth_stone_buildings_v1/stone/floor/perimeter/mask_07.png.import
[  32% ] savepack | ファイルの保存中: res://.godot/imported/mask_08.png-bd37c5225be7c971862a0d52d17155f7.ctex
[  32% ] savepack | ファイルの保存中: res://art_delivery/earth_stone_buildings_v1/stone/floor/perimeter/mask_08.png.import
[  32% ] savepack | ファイルの保存中: res://.godot/imported/mask_09.png-b63c6c43b3eb400e62f4fcb7c25d3418.ctex
[  32% ] savepack | ファイルの保存中: res://art_delivery/earth_stone_buildings_v1/stone/floor/perimeter/mask_09.png.import
[  32% ] savepack | ファイルの保存中: res://.godot/imported/mask_10.png-4a24f5b11725162b807931a161386625.ctex
[  32% ] savepack | ファイルの保存中: res://art_delivery/earth_stone_buildings_v1/stone/floor/perimeter/mask_10.png.import
[  32% ] savepack | ファイルの保存中: res://.godot/imported/mask_11.png-a7588995e662d319056bd6a71e604102.ctex
[  32% ] savepack | ファイルの保存中: res://art_delivery/earth_stone_buildings_v1/stone/floor/perimeter/mask_11.png.import
[  33% ] savepack | ファイルの保存中: res://.godot/imported/mask_12.png-008fbd7edde34ec31bc8b6eab2a167a4.ctex
[  33% ] savepack | ファイルの保存中: res://art_delivery/earth_stone_buildings_v1/stone/floor/perimeter/mask_12.png.import
[  33% ] savepack | ファイルの保存中: res://.godot/imported/mask_13.png-68c5f6c65eb05c310e0b6271f9d45b59.ctex
[  33% ] savepack | ファイルの保存中: res://art_delivery/earth_stone_buildings_v1/stone/floor/perimeter/mask_13.png.import
[  33% ] savepack | ファイルの保存中: res://.godot/imported/mask_14.png-836bcb4c5e9a22d616ef459781ef1ab4.ctex
[  33% ] savepack | ファイルの保存中: res://art_delivery/earth_stone_buildings_v1/stone/floor/perimeter/mask_14.png.import
[  33% ] savepack | ファイルの保存中: res://.godot/imported/mask_15.png-8392d3e5e99585976d1fd2003648d1b0.ctex
[  33% ] savepack | ファイルの保存中: res://art_delivery/earth_stone_buildings_v1/stone/floor/perimeter/mask_15.png.import
[  33% ] savepack | ファイルの保存中: res://.godot/imported/base.png-b0e81bb743a59fd17b09457e21feb312.ctex
[  33% ] savepack | ファイルの保存中: res://art_delivery/earth_stone_buildings_v1/stone/floor/base.png.import
[  33% ] savepack | ファイルの保存中: res://.godot/imported/mask_00.png-873fc71fd419be92b183ac1d4d36c677.ctex
[  33% ] savepack | ファイルの保存中: res://art_delivery/earth_stone_buildings_v1/stone/wall/damaged/mask_00.png.import
[  33% ] savepack | ファイルの保存中: res://.godot/imported/mask_01.png-ec966638baa8a15f705f31e2c65758e8.ctex
[  33% ] savepack | ファイルの保存中: res://art_delivery/earth_stone_buildings_v1/stone/wall/damaged/mask_01.png.import
[  33% ] savepack | ファイルの保存中: res://.godot/imported/mask_02.png-2adb3376bcfe676b7c569e2fca079b0a.ctex
[  33% ] savepack | ファイルの保存中: res://art_delivery/earth_stone_buildings_v1/stone/wall/damaged/mask_02.png.import
[  34% ] savepack | ファイルの保存中: res://.godot/imported/mask_03.png-cd7b3e451e2873eea55589c5a4f13921.ctex
[  34% ] savepack | ファイルの保存中: res://art_delivery/earth_stone_buildings_v1/stone/wall/damaged/mask_03.png.import
[  34% ] savepack | ファイルの保存中: res://.godot/imported/mask_04.png-b8b37ec05f7799602a29262ec6cf017e.ctex
[  34% ] savepack | ファイルの保存中: res://art_delivery/earth_stone_buildings_v1/stone/wall/damaged/mask_04.png.import
[  34% ] savepack | ファイルの保存中: res://.godot/imported/mask_05.png-a9f23d3abf25fe8503dd94984b46d433.ctex
[  34% ] savepack | ファイルの保存中: res://art_delivery/earth_stone_buildings_v1/stone/wall/damaged/mask_05.png.import
[  34% ] savepack | ファイルの保存中: res://.godot/imported/mask_06.png-10606e89e3bf84006608e534d6f72bb5.ctex
[  34% ] savepack | ファイルの保存中: res://art_delivery/earth_stone_buildings_v1/stone/wall/damaged/mask_06.png.import
[  34% ] savepack | ファイルの保存中: res://.godot/imported/mask_07.png-9e33e1b26d03ae65c12e939e97a8eb90.ctex
[  34% ] savepack | ファイルの保存中: res://art_delivery/earth_stone_buildings_v1/stone/wall/damaged/mask_07.png.import
[  35% ] savepack | ファイルの保存中: res://.godot/imported/mask_08.png-0c02665513a77a92c246cf856022bfa9.ctex
[  35% ] savepack | ファイルの保存中: res://art_delivery/earth_stone_buildings_v1/stone/wall/damaged/mask_08.png.import
[  35% ] savepack | ファイルの保存中: res://.godot/imported/mask_09.png-41ae31ad1049ef720f8287222dc2bbc1.ctex
[  35% ] savepack | ファイルの保存中: res://art_delivery/earth_stone_buildings_v1/stone/wall/damaged/mask_09.png.import
[  35% ] savepack | ファイルの保存中: res://.godot/imported/mask_10.png-048911ac0eeec5fce397b73b68f2eaa1.ctex
[  35% ] savepack | ファイルの保存中: res://art_delivery/earth_stone_buildings_v1/stone/wall/damaged/mask_10.png.import
[  35% ] savepack | ファイルの保存中: res://.godot/imported/mask_11.png-f7ce6db586a48c33692295a0db8bd71c.ctex
[  35% ] savepack | ファイルの保存中: res://art_delivery/earth_stone_buildings_v1/stone/wall/damaged/mask_11.png.import
[  36% ] savepack | ファイルの保存中: res://.godot/imported/mask_12.png-36df35efbf93bbb46d117e02b9c57f2c.ctex
[  36% ] savepack | ファイルの保存中: res://art_delivery/earth_stone_buildings_v1/stone/wall/damaged/mask_12.png.import
[  36% ] savepack | ファイルの保存中: res://.godot/imported/mask_13.png-51b29f72a2725683c65500340264244d.ctex
[  36% ] savepack | ファイルの保存中: res://art_delivery/earth_stone_buildings_v1/stone/wall/damaged/mask_13.png.import
[  36% ] savepack | ファイルの保存中: res://.godot/imported/mask_14.png-c34073666b4b20964b40582633a1b3e3.ctex
[  36% ] savepack | ファイルの保存中: res://art_delivery/earth_stone_buildings_v1/stone/wall/damaged/mask_14.png.import
[  36% ] savepack | ファイルの保存中: res://.godot/imported/mask_15.png-d6b0eb11c3e4054fda5ec5460ced4ab8.ctex
[  36% ] savepack | ファイルの保存中: res://art_delivery/earth_stone_buildings_v1/stone/wall/damaged/mask_15.png.import
[  37% ] savepack | ファイルの保存中: res://.godot/imported/mask_00.png-08b9c9ca449be89f5bb55c5eafe8763c.ctex
[  37% ] savepack | ファイルの保存中: res://art_delivery/earth_stone_buildings_v1/stone/wall/normal/mask_00.png.import
[  37% ] savepack | ファイルの保存中: res://.godot/imported/mask_01.png-83adf5ebcc484f62415c1f69811973cf.ctex
[  37% ] savepack | ファイルの保存中: res://art_delivery/earth_stone_buildings_v1/stone/wall/normal/mask_01.png.import
[  37% ] savepack | ファイルの保存中: res://.godot/imported/mask_02.png-7aee6e2d672ca729614daacfdc26a93c.ctex
[  37% ] savepack | ファイルの保存中: res://art_delivery/earth_stone_buildings_v1/stone/wall/normal/mask_02.png.import
[  37% ] savepack | ファイルの保存中: res://.godot/imported/mask_03.png-2c3f3784790f6a5cb3aba6ac1446eb47.ctex
[  37% ] savepack | ファイルの保存中: res://art_delivery/earth_stone_buildings_v1/stone/wall/normal/mask_03.png.import
[  37% ] savepack | ファイルの保存中: res://.godot/imported/mask_04.png-5183155a80c2ff545bec7ca0c0528ab7.ctex
[  37% ] savepack | ファイルの保存中: res://art_delivery/earth_stone_buildings_v1/stone/wall/normal/mask_04.png.import
[  38% ] savepack | ファイルの保存中: res://.godot/imported/mask_05.png-c0eccb8f26a4aa3fce9a7294711ee181.ctex
[  38% ] savepack | ファイルの保存中: res://art_delivery/earth_stone_buildings_v1/stone/wall/normal/mask_05.png.import
[  38% ] savepack | ファイルの保存中: res://.godot/imported/mask_06.png-2c471be67f2a7e951488630718db6f32.ctex
[  38% ] savepack | ファイルの保存中: res://art_delivery/earth_stone_buildings_v1/stone/wall/normal/mask_06.png.import
[  38% ] savepack | ファイルの保存中: res://.godot/imported/mask_07.png-8d97fe7ad4482cd554c351a6bbe7f3b9.ctex
[  38% ] savepack | ファイルの保存中: res://art_delivery/earth_stone_buildings_v1/stone/wall/normal/mask_07.png.import
[  38% ] savepack | ファイルの保存中: res://.godot/imported/mask_08.png-3fcd879c04ee917d432aa4a1f7b9a1f2.ctex
[  38% ] savepack | ファイルの保存中: res://art_delivery/earth_stone_buildings_v1/stone/wall/normal/mask_08.png.import
[  39% ] savepack | ファイルの保存中: res://.godot/imported/mask_09.png-717eaa3016d38cfc965e62f696902466.ctex
[  39% ] savepack | ファイルの保存中: res://art_delivery/earth_stone_buildings_v1/stone/wall/normal/mask_09.png.import
[  39% ] savepack | ファイルの保存中: res://.godot/imported/mask_10.png-4d42c328d5cf31a5c3b33e6610cace42.ctex
[  39% ] savepack | ファイルの保存中: res://art_delivery/earth_stone_buildings_v1/stone/wall/normal/mask_10.png.import
[  39% ] savepack | ファイルの保存中: res://.godot/imported/mask_11.png-8214e712685b9a6345232ea99eeb0a3e.ctex
[  39% ] savepack | ファイルの保存中: res://art_delivery/earth_stone_buildings_v1/stone/wall/normal/mask_11.png.import
[  39% ] savepack | ファイルの保存中: res://.godot/imported/mask_12.png-538e091b02420762eb1f380891267d94.ctex
[  39% ] savepack | ファイルの保存中: res://art_delivery/earth_stone_buildings_v1/stone/wall/normal/mask_12.png.import
[  40% ] savepack | ファイルの保存中: res://.godot/imported/mask_13.png-d482bb7427cd68feffdd456bb952594f.ctex
[  40% ] savepack | ファイルの保存中: res://art_delivery/earth_stone_buildings_v1/stone/wall/normal/mask_13.png.import
[  40% ] savepack | ファイルの保存中: res://.godot/imported/mask_14.png-5ada57e4326daf1dfbefb27dbd8749ff.ctex
[  40% ] savepack | ファイルの保存中: res://art_delivery/earth_stone_buildings_v1/stone/wall/normal/mask_14.png.import
[  40% ] savepack | ファイルの保存中: res://.godot/imported/mask_15.png-9d327a630ec03ce77e671a404ba5b765.ctex
[  40% ] savepack | ファイルの保存中: res://art_delivery/earth_stone_buildings_v1/stone/wall/normal/mask_15.png.import
[  40% ] savepack | ファイルの保存中: res://art_delivery/earth_stone_buildings_v1/manifest.json
[  40% ] savepack | ファイルの保存中: res://.godot/imported/00.png-93c6b07c8421069d9c10c71a25da6785.ctex
[  40% ] savepack | ファイルの保存中: res://art_delivery/effects_v1/attack_hit/00.png.import
[  41% ] savepack | ファイルの保存中: res://.godot/imported/01.png-4951f5f349edf3cdd366d8d2763377e9.ctex
[  41% ] savepack | ファイルの保存中: res://art_delivery/effects_v1/attack_hit/01.png.import
[  41% ] savepack | ファイルの保存中: res://.godot/imported/02.png-b1fec5d953ba4d409837100dee8199c7.ctex
[  41% ] savepack | ファイルの保存中: res://art_delivery/effects_v1/attack_hit/02.png.import
[  41% ] savepack | ファイルの保存中: res://.godot/imported/03.png-d23e84229fb89cb45c4187098ba7a4e2.ctex
[  41% ] savepack | ファイルの保存中: res://art_delivery/effects_v1/attack_hit/03.png.import
[  41% ] savepack | ファイルの保存中: res://.godot/imported/00.png-26cba66b34e3f1cf49fed2db9c12c289.ctex
[  41% ] savepack | ファイルの保存中: res://art_delivery/effects_v1/build_complete/00.png.import
[  42% ] savepack | ファイルの保存中: res://.godot/imported/01.png-873ae91be31ea585ae272f78e101580e.ctex
[  42% ] savepack | ファイルの保存中: res://art_delivery/effects_v1/build_complete/01.png.import
[  42% ] savepack | ファイルの保存中: res://.godot/imported/02.png-8fbbfc60512d74aa5875908b0f2f9f03.ctex
[  42% ] savepack | ファイルの保存中: res://art_delivery/effects_v1/build_complete/02.png.import
[  42% ] savepack | ファイルの保存中: res://.godot/imported/03.png-8991528099622140167f8c9876d2159f.ctex
[  42% ] savepack | ファイルの保存中: res://art_delivery/effects_v1/build_complete/03.png.import
[  42% ] savepack | ファイルの保存中: res://.godot/imported/00.png-85b08226ce68849128c453b11b58edd6.ctex
[  42% ] savepack | ファイルの保存中: res://art_delivery/effects_v1/hurt/00.png.import
[  42% ] savepack | ファイルの保存中: res://.godot/imported/01.png-30440c84d76aa4a7a04981632104640a.ctex
[  42% ] savepack | ファイルの保存中: res://art_delivery/effects_v1/hurt/01.png.import
[  43% ] savepack | ファイルの保存中: res://.godot/imported/02.png-18497baa3efd245dabc4644a89d05e13.ctex
[  43% ] savepack | ファイルの保存中: res://art_delivery/effects_v1/hurt/02.png.import
[  43% ] savepack | ファイルの保存中: res://.godot/imported/03.png-b4a2581a9a8414ead3a26be7159f357f.ctex
[  43% ] savepack | ファイルの保存中: res://art_delivery/effects_v1/hurt/03.png.import
[  43% ] savepack | ファイルの保存中: res://.godot/imported/00.png-e41764949370400c6bd2d7bff72acc15.ctex
[  43% ] savepack | ファイルの保存中: res://art_delivery/effects_v1/item_collect/00.png.import
[  43% ] savepack | ファイルの保存中: res://.godot/imported/01.png-f923e19ee77e44209d910074f2a5e555.ctex
[  43% ] savepack | ファイルの保存中: res://art_delivery/effects_v1/item_collect/01.png.import
[  44% ] savepack | ファイルの保存中: res://.godot/imported/02.png-69bfff8a9cd4fb53d9c789fc444de232.ctex
[  44% ] savepack | ファイルの保存中: res://art_delivery/effects_v1/item_collect/02.png.import
[  44% ] savepack | ファイルの保存中: res://.godot/imported/03.png-2f011e1c315cb886213ec00436d57604.ctex
[  44% ] savepack | ファイルの保存中: res://art_delivery/effects_v1/item_collect/03.png.import
[  44% ] savepack | ファイルの保存中: res://.godot/imported/00.png-fad4e6efdd960b31ab6e22c36027e6b4.ctex
[  44% ] savepack | ファイルの保存中: res://art_delivery/effects_v1/lock_break/00.png.import
[  44% ] savepack | ファイルの保存中: res://.godot/imported/01.png-2f95f953e81e311c1ca301df8fb95f49.ctex
[  44% ] savepack | ファイルの保存中: res://art_delivery/effects_v1/lock_break/01.png.import
[  45% ] savepack | ファイルの保存中: res://.godot/imported/02.png-6a36815b08fc867aee16a76e5ddfc3b8.ctex
[  45% ] savepack | ファイルの保存中: res://art_delivery/effects_v1/lock_break/02.png.import
[  45% ] savepack | ファイルの保存中: res://.godot/imported/03.png-8f54c840b49ac9a623244f11d3a9b359.ctex
[  45% ] savepack | ファイルの保存中: res://art_delivery/effects_v1/lock_break/03.png.import
[  45% ] savepack | ファイルの保存中: res://.godot/imported/00.png-1ed403db6fcfb30e81f718fad517918c.ctex
[  45% ] savepack | ファイルの保存中: res://art_delivery/effects_v1/soil_dust/00.png.import
[  45% ] savepack | ファイルの保存中: res://.godot/imported/01.png-7b545bde19778edb45e44fcb54340086.ctex
[  45% ] savepack | ファイルの保存中: res://art_delivery/effects_v1/soil_dust/01.png.import
[  45% ] savepack | ファイルの保存中: res://.godot/imported/02.png-6e3905fe89c73e8b143f1cc32e88b9e8.ctex
[  45% ] savepack | ファイルの保存中: res://art_delivery/effects_v1/soil_dust/02.png.import
[  46% ] savepack | ファイルの保存中: res://.godot/imported/03.png-2d8855a9120cb3265330fc5b9c1169fe.ctex
[  46% ] savepack | ファイルの保存中: res://art_delivery/effects_v1/soil_dust/03.png.import
[  46% ] savepack | ファイルの保存中: res://.godot/imported/00.png-23e2bc4c80ea1cc56f2edef46aa7433e.ctex
[  46% ] savepack | ファイルの保存中: res://art_delivery/effects_v1/sound_wave/00.png.import
[  46% ] savepack | ファイルの保存中: res://.godot/imported/01.png-82faced984f78b3fa49f2bf653684373.ctex
[  46% ] savepack | ファイルの保存中: res://art_delivery/effects_v1/sound_wave/01.png.import
[  46% ] savepack | ファイルの保存中: res://.godot/imported/02.png-83c30cf9b38a15f344c93b0b713b374b.ctex
[  46% ] savepack | ファイルの保存中: res://art_delivery/effects_v1/sound_wave/02.png.import
[  47% ] savepack | ファイルの保存中: res://.godot/imported/03.png-0c95ced4ae5a424a5768f1d9a8d5577f.ctex
[  47% ] savepack | ファイルの保存中: res://art_delivery/effects_v1/sound_wave/03.png.import
[  47% ] savepack | ファイルの保存中: res://.godot/imported/00.png-d640b5b59b3f20386cb02ff0d066b8c9.ctex
[  47% ] savepack | ファイルの保存中: res://art_delivery/effects_v1/sound_wave_left/00.png.import
[  47% ] savepack | ファイルの保存中: res://.godot/imported/01.png-b3228503ac0e6e3d97da13bb97a4a284.ctex
[  47% ] savepack | ファイルの保存中: res://art_delivery/effects_v1/sound_wave_left/01.png.import
[  47% ] savepack | ファイルの保存中: res://.godot/imported/02.png-506f2b7b646b8e52ee51cd6e68362c8d.ctex
[  47% ] savepack | ファイルの保存中: res://art_delivery/effects_v1/sound_wave_left/02.png.import
[  48% ] savepack | ファイルの保存中: res://.godot/imported/03.png-7cee89e4f315922290e8642ac363d2b4.ctex
[  48% ] savepack | ファイルの保存中: res://art_delivery/effects_v1/sound_wave_left/03.png.import
[  48% ] savepack | ファイルの保存中: res://.godot/imported/00.png-3e23c97da4b96ef6c4a0f1753efee6e0.ctex
[  48% ] savepack | ファイルの保存中: res://art_delivery/effects_v1/stone_powder/00.png.import
[  48% ] savepack | ファイルの保存中: res://.godot/imported/01.png-ea63343d4354b89768ab639e87fcacab.ctex
[  48% ] savepack | ファイルの保存中: res://art_delivery/effects_v1/stone_powder/01.png.import
[  48% ] savepack | ファイルの保存中: res://.godot/imported/02.png-39b107dbde1073e2dde6830ae1527717.ctex
[  48% ] savepack | ファイルの保存中: res://art_delivery/effects_v1/stone_powder/02.png.import
[  48% ] savepack | ファイルの保存中: res://.godot/imported/03.png-1bff2743b154438cdd6b22ceba5158a1.ctex
[  48% ] savepack | ファイルの保存中: res://art_delivery/effects_v1/stone_powder/03.png.import
[  49% ] savepack | ファイルの保存中: res://.godot/imported/00.png-6978aaecce8013735853a6d0ad44e8ea.ctex
[  49% ] savepack | ファイルの保存中: res://art_delivery/effects_v1/wood_chips/00.png.import
[  49% ] savepack | ファイルの保存中: res://.godot/imported/01.png-6312588f16747899247d4acfca9e7137.ctex
[  49% ] savepack | ファイルの保存中: res://art_delivery/effects_v1/wood_chips/01.png.import
[  49% ] savepack | ファイルの保存中: res://.godot/imported/02.png-faffad6e2caae7f4209369d4f2da6af8.ctex
[  49% ] savepack | ファイルの保存中: res://art_delivery/effects_v1/wood_chips/02.png.import
[  49% ] savepack | ファイルの保存中: res://.godot/imported/03.png-2f77bb8128514d81283ab03df892f766.ctex
[  49% ] savepack | ファイルの保存中: res://art_delivery/effects_v1/wood_chips/03.png.import
[  50% ] savepack | ファイルの保存中: res://art_delivery/effects_v1/manifest.json
[  50% ] savepack | ファイルの保存中: res://.godot/imported/left_00.png-db8eb4bd40f9ccc0792e42c843370f73.ctex
[  50% ] savepack | ファイルの保存中: res://art_delivery/kidnapper_basic_v1/attack/left_00.png.import
[  50% ] savepack | ファイルの保存中: res://.godot/imported/left_01.png-8bea7cab2953084a3df2bc76a12df5fb.ctex
[  50% ] savepack | ファイルの保存中: res://art_delivery/kidnapper_basic_v1/attack/left_01.png.import
[  50% ] savepack | ファイルの保存中: res://.godot/imported/left_02.png-91afab10e7dde48dffd5b3bfbb3e5247.ctex
[  50% ] savepack | ファイルの保存中: res://art_delivery/kidnapper_basic_v1/attack/left_02.png.import
[  51% ] savepack | ファイルの保存中: res://.godot/imported/right_00.png-17d3fe2b9b7983fdaa52b38833d6dfb3.ctex
[  51% ] savepack | ファイルの保存中: res://art_delivery/kidnapper_basic_v1/attack/right_00.png.import
[  51% ] savepack | ファイルの保存中: res://.godot/imported/right_01.png-fd68c28897955aece7a5f1f2048f147f.ctex
[  51% ] savepack | ファイルの保存中: res://art_delivery/kidnapper_basic_v1/attack/right_01.png.import
[  51% ] savepack | ファイルの保存中: res://.godot/imported/right_02.png-a1cf645f0b7ae8a923c4e10c129c7172.ctex
[  51% ] savepack | ファイルの保存中: res://art_delivery/kidnapper_basic_v1/attack/right_02.png.import
[  51% ] savepack | ファイルの保存中: res://.godot/imported/left_00_front.png-310e96d17963f4db8c0db572edf6648d.ctex
[  51% ] savepack | ファイルの保存中: res://art_delivery/kidnapper_basic_v1/carry/left_00_front.png.import
[  51% ] savepack | ファイルの保存中: res://.godot/imported/left_00_rear.png-efbe818a4ce2e78209b444885ef8e25a.ctex
[  51% ] savepack | ファイルの保存中: res://art_delivery/kidnapper_basic_v1/carry/left_00_rear.png.import
[  52% ] savepack | ファイルの保存中: res://.godot/imported/left_01_front.png-8f8f4456cdc738b2500d1ef05418223a.ctex
[  52% ] savepack | ファイルの保存中: res://art_delivery/kidnapper_basic_v1/carry/left_01_front.png.import
[  52% ] savepack | ファイルの保存中: res://.godot/imported/left_01_rear.png-089ca706e876bd98723255d8b0e7ca7c.ctex
[  52% ] savepack | ファイルの保存中: res://art_delivery/kidnapper_basic_v1/carry/left_01_rear.png.import
[  52% ] savepack | ファイルの保存中: res://.godot/imported/left_02_front.png-34500652a7311601d0611c06188fa11f.ctex
[  52% ] savepack | ファイルの保存中: res://art_delivery/kidnapper_basic_v1/carry/left_02_front.png.import
[  52% ] savepack | ファイルの保存中: res://.godot/imported/left_02_rear.png-d8bf7b5820d39e904be8926e974431cb.ctex
[  52% ] savepack | ファイルの保存中: res://art_delivery/kidnapper_basic_v1/carry/left_02_rear.png.import
[  53% ] savepack | ファイルの保存中: res://.godot/imported/right_00_front.png-9e808e657603d839fbeb16d82b157d81.ctex
[  53% ] savepack | ファイルの保存中: res://art_delivery/kidnapper_basic_v1/carry/right_00_front.png.import
[  53% ] savepack | ファイルの保存中: res://.godot/imported/right_00_rear.png-af95b048b0d4ae7c03371edf1dde1946.ctex
[  53% ] savepack | ファイルの保存中: res://art_delivery/kidnapper_basic_v1/carry/right_00_rear.png.import
[  53% ] savepack | ファイルの保存中: res://.godot/imported/right_01_front.png-8075a6327434b87126fc39bebab1aae7.ctex
[  53% ] savepack | ファイルの保存中: res://art_delivery/kidnapper_basic_v1/carry/right_01_front.png.import
[  53% ] savepack | ファイルの保存中: res://.godot/imported/right_01_rear.png-7c4d2f22542b04a0770e9f2fdab5daf3.ctex
[  53% ] savepack | ファイルの保存中: res://art_delivery/kidnapper_basic_v1/carry/right_01_rear.png.import
[  54% ] savepack | ファイルの保存中: res://.godot/imported/right_02_front.png-00d075bda7bb0d1f0c10b0f4e8476079.ctex
[  54% ] savepack | ファイルの保存中: res://art_delivery/kidnapper_basic_v1/carry/right_02_front.png.import
[  54% ] savepack | ファイルの保存中: res://.godot/imported/right_02_rear.png-96853dc7e4013b545f8be2968ed99a70.ctex
[  54% ] savepack | ファイルの保存中: res://art_delivery/kidnapper_basic_v1/carry/right_02_rear.png.import
[  54% ] savepack | ファイルの保存中: res://.godot/imported/left_00.png-22579a4c684dabe86fc60609d8bb7865.ctex
[  54% ] savepack | ファイルの保存中: res://art_delivery/kidnapper_basic_v1/idle/left_00.png.import
[  54% ] savepack | ファイルの保存中: res://.godot/imported/right_00.png-b6a9a98c2c51f335f47a77cb381afa9b.ctex
[  54% ] savepack | ファイルの保存中: res://art_delivery/kidnapper_basic_v1/idle/right_00.png.import
[  54% ] savepack | ファイルの保存中: res://.godot/imported/left_00.png-b427ee755d97c339c2f7070fa3c5f833.ctex
[  54% ] savepack | ファイルの保存中: res://art_delivery/kidnapper_basic_v1/walk/left_00.png.import
[  55% ] savepack | ファイルの保存中: res://.godot/imported/left_01.png-2e0092a9493f76ec03de5d37f52bda5e.ctex
[  55% ] savepack | ファイルの保存中: res://art_delivery/kidnapper_basic_v1/walk/left_01.png.import
[  55% ] savepack | ファイルの保存中: res://.godot/imported/left_02.png-3ff43091bc35a36784bd56a305de5167.ctex
[  55% ] savepack | ファイルの保存中: res://art_delivery/kidnapper_basic_v1/walk/left_02.png.import
[  55% ] savepack | ファイルの保存中: res://.godot/imported/left_03.png-5bb1a1a9f24406bd0efd27f1fe31dd15.ctex
[  55% ] savepack | ファイルの保存中: res://art_delivery/kidnapper_basic_v1/walk/left_03.png.import
[  55% ] savepack | ファイルの保存中: res://.godot/imported/right_00.png-22e17b4dd688b8549178fa02103750f8.ctex
[  55% ] savepack | ファイルの保存中: res://art_delivery/kidnapper_basic_v1/walk/right_00.png.import
[  56% ] savepack | ファイルの保存中: res://.godot/imported/right_01.png-47cb097c36e795e54fa6d0dd80def4ad.ctex
[  56% ] savepack | ファイルの保存中: res://art_delivery/kidnapper_basic_v1/walk/right_01.png.import
[  56% ] savepack | ファイルの保存中: res://.godot/imported/right_02.png-7c219bd51f17efb083faa23768a9cf4f.ctex
[  56% ] savepack | ファイルの保存中: res://art_delivery/kidnapper_basic_v1/walk/right_02.png.import
[  56% ] savepack | ファイルの保存中: res://.godot/imported/right_03.png-aecd15942072cca053120fe6c7b533d1.ctex
[  56% ] savepack | ファイルの保存中: res://art_delivery/kidnapper_basic_v1/walk/right_03.png.import
[  56% ] savepack | ファイルの保存中: res://art_delivery/kidnapper_basic_v1/manifest.json
[  57% ] savepack | ファイルの保存中: res://.godot/imported/left_00.png-f1e26864336fefcf3f9655a5ed78a10e.ctex
[  57% ] savepack | ファイルの保存中: res://art_delivery/kidnapper_reactions_v1/discovery/left_00.png.import
[  57% ] savepack | ファイルの保存中: res://.godot/imported/left_01.png-824afb983bdecd3a5c1a8e5d01dbbc22.ctex
[  57% ] savepack | ファイルの保存中: res://art_delivery/kidnapper_reactions_v1/discovery/left_01.png.import
[  57% ] savepack | ファイルの保存中: res://.godot/imported/right_00.png-0355be0387a14b8474c28511cc03ad76.ctex
[  57% ] savepack | ファイルの保存中: res://art_delivery/kidnapper_reactions_v1/discovery/right_00.png.import
[  57% ] savepack | ファイルの保存中: res://.godot/imported/right_01.png-a3840057ad53de302d17a49e59042a9c.ctex
[  57% ] savepack | ファイルの保存中: res://art_delivery/kidnapper_reactions_v1/discovery/right_01.png.import
[  57% ] savepack | ファイルの保存中: res://.godot/imported/left_00.png-65ad19579a5b6989c9917311a82e0d76.ctex
[  57% ] savepack | ファイルの保存中: res://art_delivery/kidnapper_reactions_v1/hit/left_00.png.import
[  58% ] savepack | ファイルの保存中: res://.godot/imported/left_01.png-5d83510a441602a266cd71f915788765.ctex
[  58% ] savepack | ファイルの保存中: res://art_delivery/kidnapper_reactions_v1/hit/left_01.png.import
[  58% ] savepack | ファイルの保存中: res://.godot/imported/right_00.png-5bddf0a99ae673ccad60187901a7abf6.ctex
[  58% ] savepack | ファイルの保存中: res://art_delivery/kidnapper_reactions_v1/hit/right_00.png.import
[  58% ] savepack | ファイルの保存中: res://.godot/imported/right_01.png-ae33413a6b052682601ce6accfbcb871.ctex
[  58% ] savepack | ファイルの保存中: res://art_delivery/kidnapper_reactions_v1/hit/right_01.png.import
[  58% ] savepack | ファイルの保存中: res://.godot/imported/left_00.png-e275f0e30007f3b6d0f4758a524ae4f8.ctex
[  58% ] savepack | ファイルの保存中: res://art_delivery/kidnapper_reactions_v1/retreat/left_00.png.import
[  59% ] savepack | ファイルの保存中: res://.godot/imported/left_01.png-d41527fc9f556a31ba6dc3fbf2c4f4c7.ctex
[  59% ] savepack | ファイルの保存中: res://art_delivery/kidnapper_reactions_v1/retreat/left_01.png.import
[  59% ] savepack | ファイルの保存中: res://.godot/imported/left_02.png-3f9055e87bdfa41c990e40a1d0a5b5d8.ctex
[  59% ] savepack | ファイルの保存中: res://art_delivery/kidnapper_reactions_v1/retreat/left_02.png.import
[  59% ] savepack | ファイルの保存中: res://.godot/imported/left_03.png-7aacd5e00a079537e0fb873502a977e2.ctex
[  59% ] savepack | ファイルの保存中: res://art_delivery/kidnapper_reactions_v1/retreat/left_03.png.import
[  59% ] savepack | ファイルの保存中: res://.godot/imported/right_00.png-f472f12bcf2e79a2b2f081dae4d54d92.ctex
[  59% ] savepack | ファイルの保存中: res://art_delivery/kidnapper_reactions_v1/retreat/right_00.png.import
[  60% ] savepack | ファイルの保存中: res://.godot/imported/right_01.png-8b18a1776957b0180901cb1a64199811.ctex
[  60% ] savepack | ファイルの保存中: res://art_delivery/kidnapper_reactions_v1/retreat/right_01.png.import
[  60% ] savepack | ファイルの保存中: res://.godot/imported/right_02.png-d6e6626f9a92f8dbb99cdb67c2f8a684.ctex
[  60% ] savepack | ファイルの保存中: res://art_delivery/kidnapper_reactions_v1/retreat/right_02.png.import
[  60% ] savepack | ファイルの保存中: res://.godot/imported/right_03.png-ce7877d2b67781dc1be6febca7c0d559.ctex
[  60% ] savepack | ファイルの保存中: res://art_delivery/kidnapper_reactions_v1/retreat/right_03.png.import
[  60% ] savepack | ファイルの保存中: res://.godot/imported/left_00.png-26176fef339f163058f2a21cc2902d94.ctex
[  60% ] savepack | ファイルの保存中: res://art_delivery/kidnapper_reactions_v1/search/left_00.png.import
[  60% ] savepack | ファイルの保存中: res://.godot/imported/left_01.png-1ee876762e025efb3a1a6e9c460cd42d.ctex
[  60% ] savepack | ファイルの保存中: res://art_delivery/kidnapper_reactions_v1/search/left_01.png.import
[  61% ] savepack | ファイルの保存中: res://.godot/imported/left_02.png-0b797d25b570413436f6aa8093767eb0.ctex
[  61% ] savepack | ファイルの保存中: res://art_delivery/kidnapper_reactions_v1/search/left_02.png.import
[  61% ] savepack | ファイルの保存中: res://.godot/imported/right_00.png-3e169dd415bb652fd77195620af58acd.ctex
[  61% ] savepack | ファイルの保存中: res://art_delivery/kidnapper_reactions_v1/search/right_00.png.import
[  61% ] savepack | ファイルの保存中: res://.godot/imported/right_01.png-3eb65e18f54ff70deddf5c503687d37e.ctex
[  61% ] savepack | ファイルの保存中: res://art_delivery/kidnapper_reactions_v1/search/right_01.png.import
[  61% ] savepack | ファイルの保存中: res://.godot/imported/right_02.png-a47fd6612e9ea306728e41c2af7825cc.ctex
[  61% ] savepack | ファイルの保存中: res://art_delivery/kidnapper_reactions_v1/search/right_02.png.import
[  62% ] savepack | ファイルの保存中: res://art_delivery/kidnapper_reactions_v1/manifest.json
[  62% ] savepack | ファイルの保存中: res://.godot/imported/cart_idle_00.png-066d52f05756f1cbe981962fc61a780f.ctex
[  62% ] savepack | ファイルの保存中: res://art_delivery/merchant_board_v1/cart_idle_00.png.import
[  62% ] savepack | ファイルの保存中: res://art_delivery/merchant_board_v1/manifest.json
[  62% ] savepack | ファイルの保存中: res://.godot/imported/idle_front_00.png-56adcbdfc1b6fe4c5f055ad132458a69.ctex
[  62% ] savepack | ファイルの保存中: res://art_delivery/merchant_cart_v2/cart/idle_front_00.png.import
[  62% ] savepack | ファイルの保存中: res://.godot/imported/idle_right_00.png-d9d3bde3b0146627df3fc7ceeecb70a6.ctex
[  62% ] savepack | ファイルの保存中: res://art_delivery/merchant_cart_v2/merchant/idle_right_00.png.import
[  63% ] savepack | ファイルの保存中: res://art_delivery/merchant_cart_v2/manifest.json
[  63% ] savepack | ファイルの保存中: res://.godot/imported/binding_shadow_layer.png-1d40baadb341217e349372495ad86539.ctex
[  63% ] savepack | ファイルの保存中: res://art_delivery/ranch_assets_v1/book/binding_shadow_layer.png.import
[  63% ] savepack | ファイルの保存中: res://.godot/imported/closed_00.png-deccd57859f09b228f9129d16d81c508.ctex
[  63% ] savepack | ファイルの保存中: res://art_delivery/ranch_assets_v1/book/closed_00.png.import
[  63% ] savepack | ファイルの保存中: res://.godot/imported/closing_00.png-51a4859139ec60a4eef1aa249ca1a469.ctex
[  63% ] savepack | ファイルの保存中: res://art_delivery/ranch_assets_v1/book/closing_00.png.import
[  64% ] savepack | ファイルの保存中: res://.godot/imported/closing_01.png-57a1c5bae910c7ae5357d36ff5e84884.ctex
[  64% ] savepack | ファイルの保存中: res://art_delivery/ranch_assets_v1/book/closing_01.png.import
[  64% ] savepack | ファイルの保存中: res://.godot/imported/closing_02.png-a8e4bdfcaf8a715673470043fd2b1c8f.ctex
[  64% ] savepack | ファイルの保存中: res://art_delivery/ranch_assets_v1/book/closing_02.png.import
[  64% ] savepack | ファイルの保存中: res://.godot/imported/closing_03.png-b3a7a3a925ef4e857687a55fc89cde08.ctex
[  64% ] savepack | ファイルの保存中: res://art_delivery/ranch_assets_v1/book/closing_03.png.import
[  64% ] savepack | ファイルの保存中: res://.godot/imported/closing_04.png-1ed40639878944c899c17a76d6ae64e9.ctex
[  64% ] savepack | ファイルの保存中: res://art_delivery/ranch_assets_v1/book/closing_04.png.import
[  65% ] savepack | ファイルの保存中: res://.godot/imported/closing_05.png-aaf8a62c3b28087c52f741761905fa52.ctex
[  65% ] savepack | ファイルの保存中: res://art_delivery/ranch_assets_v1/book/closing_05.png.import
[  65% ] savepack | ファイルの保存中: res://.godot/imported/cover_layer.png-1f417c04b208887f63908ed65c5659f8.ctex
[  65% ] savepack | ファイルの保存中: res://art_delivery/ranch_assets_v1/book/cover_layer.png.import
[  65% ] savepack | ファイルの保存中: res://.godot/imported/front_cover_hinge_layer.png-8692a7b7c94a497651b45316ec1b1a41.ctex
[  65% ] savepack | ファイルの保存中: res://art_delivery/ranch_assets_v1/book/front_cover_hinge_layer.png.import
[  65% ] savepack | ファイルの保存中: res://.godot/imported/opening_00.png-8af62442c1d28717ef01ce0273da216a.ctex
[  65% ] savepack | ファイルの保存中: res://art_delivery/ranch_assets_v1/book/opening_00.png.import
[  65% ] savepack | ファイルの保存中: res://.godot/imported/opening_01.png-7ed07a89525aa0f3107e23c43cfa54c3.ctex
[  65% ] savepack | ファイルの保存中: res://art_delivery/ranch_assets_v1/book/opening_01.png.import
[  66% ] savepack | ファイルの保存中: res://.godot/imported/opening_02.png-97072e6b91a11afdfcf4e4c5f97f794a.ctex
[  66% ] savepack | ファイルの保存中: res://art_delivery/ranch_assets_v1/book/opening_02.png.import
[  66% ] savepack | ファイルの保存中: res://.godot/imported/opening_03.png-6c03384cff85e808df6eacd5d7e782fe.ctex
[  66% ] savepack | ファイルの保存中: res://art_delivery/ranch_assets_v1/book/opening_03.png.import
[  66% ] savepack | ファイルの保存中: res://.godot/imported/opening_04.png-5b5d726e54e7fccff671b4cffe08b4a9.ctex
[  66% ] savepack | ファイルの保存中: res://art_delivery/ranch_assets_v1/book/opening_04.png.import
[  66% ] savepack | ファイルの保存中: res://.godot/imported/opening_05.png-4bb1745382b4c1c287e180121b41f3c8.ctex
[  66% ] savepack | ファイルの保存中: res://art_delivery/ranch_assets_v1/book/opening_05.png.import
[  66% ] savepack | ファイルの保存中: res://.godot/imported/open_00.png-12c5a90d903429bafc5091eb03ea7e24.ctex
[  66% ] savepack | ファイルの保存中: res://art_delivery/ranch_assets_v1/book/open_00.png.import
[  66% ] savepack | ファイルの保存中: res://.godot/imported/page_next_00.png-4d87d126ee4904c16cbadecb0b39a743.ctex
[  66% ] savepack | ファイルの保存中: res://art_delivery/ranch_assets_v1/book/page_next_00.png.import
[  66% ] savepack | ファイルの保存中: res://.godot/imported/page_next_01.png-772d477e5fe0be9adca32fba8ee64c56.ctex
[  66% ] savepack | ファイルの保存中: res://art_delivery/ranch_assets_v1/book/page_next_01.png.import
[  66% ] savepack | ファイルの保存中: res://.godot/imported/page_next_02.png-10a4347cae07d977d7fc414e14a522ae.ctex
[  66% ] savepack | ファイルの保存中: res://art_delivery/ranch_assets_v1/book/page_next_02.png.import
[  67% ] savepack | ファイルの保存中: res://.godot/imported/page_next_03.png-3ee5bc30a825eb8845a765414e61545b.ctex
[  67% ] savepack | ファイルの保存中: res://art_delivery/ranch_assets_v1/book/page_next_03.png.import
[  67% ] savepack | ファイルの保存中: res://.godot/imported/page_next_04.png-3b5285af39d7b5ca363d9f2a5e97d2a4.ctex
[  67% ] savepack | ファイルの保存中: res://art_delivery/ranch_assets_v1/book/page_next_04.png.import
[  67% ] savepack | ファイルの保存中: res://.godot/imported/page_next_05.png-600e0d89c07bb75627acc8686d1cc6e2.ctex
[  67% ] savepack | ファイルの保存中: res://art_delivery/ranch_assets_v1/book/page_next_05.png.import
[  67% ] savepack | ファイルの保存中: res://.godot/imported/page_previous_00.png-03cb355525d761f06d0b5c8b20e68f01.ctex
[  67% ] savepack | ファイルの保存中: res://art_delivery/ranch_assets_v1/book/page_previous_00.png.import
[  67% ] savepack | ファイルの保存中: res://.godot/imported/page_previous_01.png-118245a0e0e1c105e060cacd61490ae0.ctex
[  67% ] savepack | ファイルの保存中: res://art_delivery/ranch_assets_v1/book/page_previous_01.png.import
[  68% ] savepack | ファイルの保存中: res://.godot/imported/page_previous_02.png-e6b91cd65a55f7f7e7928afdf8a02681.ctex
[  68% ] savepack | ファイルの保存中: res://art_delivery/ranch_assets_v1/book/page_previous_02.png.import
[  68% ] savepack | ファイルの保存中: res://.godot/imported/page_previous_03.png-100cec548e965dab05a58162b639e22e.ctex
[  68% ] savepack | ファイルの保存中: res://art_delivery/ranch_assets_v1/book/page_previous_03.png.import
[  68% ] savepack | ファイルの保存中: res://.godot/imported/page_previous_04.png-0d28317624211baa7bf26554abdd9be0.ctex
[  68% ] savepack | ファイルの保存中: res://art_delivery/ranch_assets_v1/book/page_previous_04.png.import
[  68% ] savepack | ファイルの保存中: res://.godot/imported/page_previous_05.png-307595348b6c2da2dcd121394a9abb7c.ctex
[  68% ] savepack | ファイルの保存中: res://art_delivery/ranch_assets_v1/book/page_previous_05.png.import
[  69% ] savepack | ファイルの保存中: res://.godot/imported/paper_layer.png-e36a96d1fd81d72a72c432ce03f11e9a.ctex
[  69% ] savepack | ファイルの保存中: res://art_delivery/ranch_assets_v1/book/paper_layer.png.import
[  69% ] savepack | ファイルの保存中: res://.godot/imported/idle_left_00.png-06f81a213528025db2252d3ac9e06350.ctex
[  69% ] savepack | ファイルの保存中: res://art_delivery/ranch_assets_v1/cat/idle_left_00.png.import
[  69% ] savepack | ファイルの保存中: res://game/building_art.gdc
[  69% ] savepack | ファイルの保存中: res://.godot/imported/idle_right_00.png-a4f8c11cb0933fd4cd10125418eaa167.ctex
[  69% ] savepack | ファイルの保存中: res://art_delivery/ranch_assets_v1/cat/idle_right_00.png.import
[  70% ] savepack | ファイルの保存中: res://game/world.gdc
[  70% ] savepack | ファイルの保存中: res://.godot/imported/stretch_left_00.png-3f8c21dece8f338f02b9126753623898.ctex
[  70% ] savepack | ファイルの保存中: res://art_delivery/ranch_assets_v1/cat/stretch_left_00.png.import
[  70% ] savepack | ファイルの保存中: res://.godot/imported/stretch_left_01.png-17903136dfd62b9da1f1d75608c9c0c2.ctex
[  70% ] savepack | ファイルの保存中: res://art_delivery/ranch_assets_v1/cat/stretch_left_01.png.import
[  70% ] savepack | ファイルの保存中: res://game/ui_style.gdc
[  70% ] savepack | ファイルの保存中: res://.godot/imported/stretch_right_00.png-650eb010a68fcc3e1adfd4a7051ca485.ctex
[  70% ] savepack | ファイルの保存中: res://art_delivery/ranch_assets_v1/cat/stretch_right_00.png.import
[  71% ] savepack | ファイルの保存中: res://.godot/imported/stretch_right_01.png-0a45299c11bddf915cd10fc1ffc03b3b.ctex
[  71% ] savepack | ファイルの保存中: res://art_delivery/ranch_assets_v1/cat/stretch_right_01.png.import
[  71% ] savepack | ファイルの保存中: res://game/subtasks.gdc
[  71% ] savepack | ファイルの保存中: res://.godot/imported/walk_left_00.png-16d413dfce41245f18af4acfdc926bc3.ctex
[  71% ] savepack | ファイルの保存中: res://art_delivery/ranch_assets_v1/cat/walk_left_00.png.import
[  71% ] savepack | ファイルの保存中: res://.godot/imported/walk_left_01.png-2a750889bd5fe88bfd1d65db3b3c3471.ctex
[  71% ] savepack | ファイルの保存中: res://art_delivery/ranch_assets_v1/cat/walk_left_01.png.import
[  72% ] savepack | ファイルの保存中: res://.godot/imported/walk_left_02.png-baedd183cd576be9f3f6af340b1dc66a.ctex
[  72% ] savepack | ファイルの保存中: res://art_delivery/ranch_assets_v1/cat/walk_left_02.png.import
[  72% ] savepack | ファイルの保存中: res://.godot/imported/walk_left_03.png-ad71c3f6fbc5a5c3df574e3ba9a877fa.ctex
[  72% ] savepack | ファイルの保存中: res://art_delivery/ranch_assets_v1/cat/walk_left_03.png.import
[  72% ] savepack | ファイルの保存中: res://game/stages.gdc
[  72% ] savepack | ファイルの保存中: res://.godot/imported/walk_right_00.png-92ace883c0fcc1d53ccec243f3df06f8.ctex
[  72% ] savepack | ファイルの保存中: res://art_delivery/ranch_assets_v1/cat/walk_right_00.png.import
[  73% ] savepack | ファイルの保存中: res://.godot/imported/walk_right_01.png-cc008b695ef22c0c30eb782466411e92.ctex
[  73% ] savepack | ファイルの保存中: res://art_delivery/ranch_assets_v1/cat/walk_right_01.png.import
[  73% ] savepack | ファイルの保存中: res://.godot/imported/walk_right_02.png-25bcd0d072b5e39b8a8512b3fff64729.ctex
[  73% ] savepack | ファイルの保存中: res://art_delivery/ranch_assets_v1/cat/walk_right_02.png.import
[  73% ] savepack | ファイルの保存中: res://.godot/imported/walk_right_03.png-c93d9dfce826a5b4e862fcfce55cebd0.ctex
[  73% ] savepack | ファイルの保存中: res://art_delivery/ranch_assets_v1/cat/walk_right_03.png.import
[  73% ] savepack | ファイルの保存中: res://game/shop_table.gdc
[  73% ] savepack | ファイルの保存中: res://.godot/imported/idle_left_00.png-c27918df1013a5a30333ebd6d9cb2bac.ctex
[  73% ] savepack | ファイルの保存中: res://art_delivery/ranch_assets_v1/hen/idle_left_00.png.import
[  74% ] savepack | ファイルの保存中: res://game/rules.gdc
[  74% ] savepack | ファイルの保存中: res://.godot/imported/idle_right_00.png-56aad965143e4ed90ac9f3d51fed9708.ctex
[  74% ] savepack | ファイルの保存中: res://art_delivery/ranch_assets_v1/hen/idle_right_00.png.import
[  74% ] savepack | ファイルの保存中: res://game/raider_ai.gdc
[  74% ] savepack | ファイルの保存中: res://.godot/imported/peck_left_00.png-bb57b886d5c527495e9632b9891f89ee.ctex
[  74% ] savepack | ファイルの保存中: res://art_delivery/ranch_assets_v1/hen/peck_left_00.png.import
[  75% ] savepack | ファイルの保存中: res://.godot/imported/peck_left_01.png-62d4145d2f101770e38e4658c7235088.ctex
[  75% ] savepack | ファイルの保存中: res://art_delivery/ranch_assets_v1/hen/peck_left_01.png.import
[  75% ] savepack | ファイルの保存中: res://game/market_view.gdc
[  75% ] savepack | ファイルの保存中: res://.godot/imported/peck_right_00.png-88cd4cb9f8678519e81ec7af3c197961.ctex
[  75% ] savepack | ファイルの保存中: res://art_delivery/ranch_assets_v1/hen/peck_right_00.png.import
[  75% ] savepack | ファイルの保存中: res://.godot/imported/peck_right_01.png-221505b2e9cf9cc963a6d203dbb29764.ctex
[  75% ] savepack | ファイルの保存中: res://art_delivery/ranch_assets_v1/hen/peck_right_01.png.import
[  76% ] savepack | ファイルの保存中: res://.godot/exported/133200997/export-178df499c26bcd3357cc4c21fb1eaa2e-main.scn
[  76% ] savepack | ファイルの保存中: res://.godot/imported/walk_left_00.png-d71977a80b247310531d4b1c58367d73.ctex
[  76% ] savepack | ファイルの保存中: res://art_delivery/ranch_assets_v1/hen/walk_left_00.png.import
[  76% ] savepack | ファイルの保存中: res://.godot/imported/walk_left_01.png-8f497e633fd0893c3e6758637411e3a2.ctex
[  76% ] savepack | ファイルの保存中: res://art_delivery/ranch_assets_v1/hen/walk_left_01.png.import
[  76% ] savepack | ファイルの保存中: res://.godot/imported/walk_left_02.png-f4cd9c57251301c27a57185f242af90d.ctex
[  76% ] savepack | ファイルの保存中: res://art_delivery/ranch_assets_v1/hen/walk_left_02.png.import
[  76% ] savepack | ファイルの保存中: res://.godot/imported/walk_left_03.png-1101265663e58e81d451813146c43c99.ctex
[  76% ] savepack | ファイルの保存中: res://art_delivery/ranch_assets_v1/hen/walk_left_03.png.import
[  77% ] savepack | ファイルの保存中: res://game/main.gdc
[  77% ] savepack | ファイルの保存中: res://.godot/imported/walk_right_00.png-2ff2a183f9e215ec5a4279d500bd3781.ctex
[  77% ] savepack | ファイルの保存中: res://art_delivery/ranch_assets_v1/hen/walk_right_00.png.import
[  77% ] savepack | ファイルの保存中: res://.godot/imported/walk_right_01.png-1fc5f254b256806b9ee5101594f7eb11.ctex
[  77% ] savepack | ファイルの保存中: res://art_delivery/ranch_assets_v1/hen/walk_right_01.png.import
[  77% ] savepack | ファイルの保存中: res://.godot/imported/walk_right_02.png-d4e7481cb2f07f10ed98a5d30a504410.ctex
[  77% ] savepack | ファイルの保存中: res://art_delivery/ranch_assets_v1/hen/walk_right_02.png.import
[  78% ] savepack | ファイルの保存中: res://.godot/imported/walk_right_03.png-812b9abb74dfa235fba3327a033674da.ctex
[  78% ] savepack | ファイルの保存中: res://art_delivery/ranch_assets_v1/hen/walk_right_03.png.import
[  78% ] savepack | ファイルの保存中: res://game/keeper_life.gdc
[  78% ] savepack | ファイルの保存中: res://game/keeper_jobs.gdc
[  78% ] savepack | ファイルの保存中: res://game/farm_audio.gdc
[  79% ] savepack | ファイルの保存中: res://.godot/imported/idle_none_00.png-8909db5f784b6e15416a85e64c71bd02.ctex
[  79% ] savepack | ファイルの保存中: res://art_delivery/ranch_assets_v1/scroll/idle_none_00.png.import
[  79% ] savepack | ファイルの保存中: res://game/delivered_art.gdc
[  79% ] savepack | ファイルの保存中: res://game/decision_ai.gdc
[  79% ] savepack | ファイルの保存中: res://game/build_stamp.json
[  79% ] savepack | ファイルの保存中: res://art_delivery/ranch_assets_v1/manifest.json
[  80% ] savepack | ファイルの保存中: res://art_delivery/ranch_assets_v1/QA.json
[  80% ] savepack | ファイルの保存中: res://.godot/imported/gold.png-9212d857981d4e6a3f013ae7ea8066d5.ctex
[  80% ] savepack | ファイルの保存中: res://art_delivery/resource_icons_v1/hud24/gold.png.import
[  80% ] savepack | ファイルの保存中: res://.godot/imported/soil.png-e61202d1baa49585fe8152a71ea4bef1.ctex
[  80% ] savepack | ファイルの保存中: res://art_delivery/resource_icons_v1/hud24/soil.png.import
[  80% ] savepack | ファイルの保存中: res://.godot/imported/stone.png-c3c2b540137475d4a10c4b11bd43f298.ctex
[  80% ] savepack | ファイルの保存中: res://art_delivery/resource_icons_v1/hud24/stone.png.import
[  81% ] savepack | ファイルの保存中: res://.godot/imported/wood.png-91fd98c1827ab3e933d57bb77c9cf217.ctex
[  81% ] savepack | ファイルの保存中: res://art_delivery/resource_icons_v1/hud24/wood.png.import
[  81% ] savepack | ファイルの保存中: res://.godot/imported/gold.png-25d04b8baed55c3693a206d37b0891b6.ctex
[  81% ] savepack | ファイルの保存中: res://art_delivery/resource_icons_v1/ui48/gold.png.import
[  81% ] savepack | ファイルの保存中: res://.godot/imported/soil.png-d5b54b81986197f5d491c8d690048d40.ctex
[  81% ] savepack | ファイルの保存中: res://art_delivery/resource_icons_v1/ui48/soil.png.import
[  81% ] savepack | ファイルの保存中: res://.godot/imported/stone.png-713218478fe606f10d4cb740a318b911.ctex
[  81% ] savepack | ファイルの保存中: res://art_delivery/resource_icons_v1/ui48/stone.png.import
[  81% ] savepack | ファイルの保存中: res://.godot/imported/wood.png-fd4afae10d71164c00a0b91e4181631e.ctex
[  81% ] savepack | ファイルの保存中: res://art_delivery/resource_icons_v1/ui48/wood.png.import
[  82% ] savepack | ファイルの保存中: res://.godot/imported/gold.png-aafd0dabb6b75af4b6337c7d86aa339e.ctex
[  82% ] savepack | ファイルの保存中: res://art_delivery/resource_icons_v1/ui96/gold.png.import
[  82% ] savepack | ファイルの保存中: res://.godot/imported/soil.png-d85c1578b0e084ef03d665b64d9d27ca.ctex
[  82% ] savepack | ファイルの保存中: res://art_delivery/resource_icons_v1/ui96/soil.png.import
[  82% ] savepack | ファイルの保存中: res://.godot/imported/stone.png-219ad710c596621b5319db0395abb46b.ctex
[  82% ] savepack | ファイルの保存中: res://art_delivery/resource_icons_v1/ui96/stone.png.import
[  82% ] savepack | ファイルの保存中: res://.godot/imported/wood.png-b3e8a2dd74483896ea6fdb0bd81326a3.ctex
[  82% ] savepack | ファイルの保存中: res://art_delivery/resource_icons_v1/ui96/wood.png.import
[  83% ] savepack | ファイルの保存中: res://art_delivery/resource_icons_v1/manifest.json
[  83% ] savepack | ファイルの保存中: res://.godot/imported/horizontal_frame_front.png-c5bfc79f73d0b1e51b383f22fe8404f7.ctex
[  83% ] savepack | ファイルの保存中: res://art_delivery/wood_buildings_v1/door/horizontal_frame_front.png.import
[  83% ] savepack | ファイルの保存中: res://.godot/imported/horizontal_frame_rear.png-921c84bc6b95ef0b5e315a52244fd1e3.ctex
[  83% ] savepack | ファイルの保存中: res://art_delivery/wood_buildings_v1/door/horizontal_frame_rear.png.import
[  83% ] savepack | ファイルの保存中: res://.godot/imported/horizontal_leaf_closed_damaged.png-6e38225a9c6ff88b50ed06587fe1893e.ctex
[  83% ] savepack | ファイルの保存中: res://art_delivery/wood_buildings_v1/door/horizontal_leaf_closed_damaged.png.import
[  84% ] savepack | ファイルの保存中: res://.godot/imported/horizontal_leaf_closed_normal.png-b8a8a7ba7380164116d8cc8f13bc1de0.ctex
[  84% ] savepack | ファイルの保存中: res://art_delivery/wood_buildings_v1/door/horizontal_leaf_closed_normal.png.import
[  84% ] savepack | ファイルの保存中: res://.godot/imported/horizontal_leaf_open_damaged.png-917096727868bd9a3c5b17bc4ab8f759.ctex
[  84% ] savepack | ファイルの保存中: res://art_delivery/wood_buildings_v1/door/horizontal_leaf_open_damaged.png.import
[  84% ] savepack | ファイルの保存中: res://.godot/imported/horizontal_leaf_open_normal.png-be9de42b91d121a10d61079f6eb16fa4.ctex
[  84% ] savepack | ファイルの保存中: res://art_delivery/wood_buildings_v1/door/horizontal_leaf_open_normal.png.import
[  84% ] savepack | ファイルの保存中: res://.godot/imported/horizontal_lock_closed_broken.png-2e194799abbd49eacf0cae226d991d87.ctex
[  84% ] savepack | ファイルの保存中: res://art_delivery/wood_buildings_v1/door/horizontal_lock_closed_broken.png.import
[  84% ] savepack | ファイルの保存中: res://.godot/imported/horizontal_lock_closed_normal.png-7a0218e6ba03353afcfeeb9fbac39b79.ctex
[  84% ] savepack | ファイルの保存中: res://art_delivery/wood_buildings_v1/door/horizontal_lock_closed_normal.png.import
[  85% ] savepack | ファイルの保存中: res://.godot/imported/horizontal_lock_open_broken.png-334bdd8cafa4533709c3150b6d4ad453.ctex
[  85% ] savepack | ファイルの保存中: res://art_delivery/wood_buildings_v1/door/horizontal_lock_open_broken.png.import
[  85% ] savepack | ファイルの保存中: res://.godot/imported/horizontal_lock_open_normal.png-5f71709ced9e3858c400a1481debebf3.ctex
[  85% ] savepack | ファイルの保存中: res://art_delivery/wood_buildings_v1/door/horizontal_lock_open_normal.png.import
[  85% ] savepack | ファイルの保存中: res://.godot/imported/vertical_frame_front.png-3087cef095abe6793cdf7a2097867fcf.ctex
[  85% ] savepack | ファイルの保存中: res://art_delivery/wood_buildings_v1/door/vertical_frame_front.png.import
[  85% ] savepack | ファイルの保存中: res://.godot/imported/vertical_frame_rear.png-2a8e09041d429f894313137bda8025f2.ctex
[  85% ] savepack | ファイルの保存中: res://art_delivery/wood_buildings_v1/door/vertical_frame_rear.png.import
[  86% ] savepack | ファイルの保存中: res://.godot/imported/vertical_leaf_closed_damaged.png-72a806b0365fd9986b06a0c3206dc467.ctex
[  86% ] savepack | ファイルの保存中: res://art_delivery/wood_buildings_v1/door/vertical_leaf_closed_damaged.png.import
[  86% ] savepack | ファイルの保存中: res://.godot/imported/vertical_leaf_closed_normal.png-c68557aba3ec0374ff02f8dfa9dd8442.ctex
[  86% ] savepack | ファイルの保存中: res://art_delivery/wood_buildings_v1/door/vertical_leaf_closed_normal.png.import
[  86% ] savepack | ファイルの保存中: res://.godot/imported/vertical_leaf_open_damaged.png-e264e94e93a8bb00992898ab772e0850.ctex
[  86% ] savepack | ファイルの保存中: res://art_delivery/wood_buildings_v1/door/vertical_leaf_open_damaged.png.import
[  86% ] savepack | ファイルの保存中: res://.godot/imported/vertical_leaf_open_normal.png-08b99508cc475f6351b1a31b9493d0b6.ctex
[  86% ] savepack | ファイルの保存中: res://art_delivery/wood_buildings_v1/door/vertical_leaf_open_normal.png.import
[  87% ] savepack | ファイルの保存中: res://.godot/imported/vertical_lock_closed_broken.png-f04b5c0581880fcadc861ab18feb32ee.ctex
[  87% ] savepack | ファイルの保存中: res://art_delivery/wood_buildings_v1/door/vertical_lock_closed_broken.png.import
[  87% ] savepack | ファイルの保存中: res://.godot/imported/vertical_lock_closed_normal.png-28c661ec71ab15dbcc06676f1307966f.ctex
[  87% ] savepack | ファイルの保存中: res://art_delivery/wood_buildings_v1/door/vertical_lock_closed_normal.png.import
[  87% ] savepack | ファイルの保存中: res://.godot/imported/vertical_lock_open_broken.png-45804645a85fce79c1595e1dc5480d9b.ctex
[  87% ] savepack | ファイルの保存中: res://art_delivery/wood_buildings_v1/door/vertical_lock_open_broken.png.import
[  87% ] savepack | ファイルの保存中: res://.godot/imported/vertical_lock_open_normal.png-7fef9b3c77e55be78f3cd8c52e625f9d.ctex
[  87% ] savepack | ファイルの保存中: res://art_delivery/wood_buildings_v1/door/vertical_lock_open_normal.png.import
[  87% ] savepack | ファイルの保存中: res://.godot/imported/e.png-50ae87735a362934c8cbf62589d3fe69.ctex
[  87% ] savepack | ファイルの保存中: res://art_delivery/wood_buildings_v1/floor/boundary/e.png.import
[  88% ] savepack | ファイルの保存中: res://.godot/imported/n.png-304728e0e67117a0a2b37a3381496e2c.ctex
[  88% ] savepack | ファイルの保存中: res://art_delivery/wood_buildings_v1/floor/boundary/n.png.import
[  88% ] savepack | ファイルの保存中: res://.godot/imported/s.png-77a0a52165b6390bbdaea0221ab63372.ctex
[  88% ] savepack | ファイルの保存中: res://art_delivery/wood_buildings_v1/floor/boundary/s.png.import
[  88% ] savepack | ファイルの保存中: res://.godot/imported/w.png-8a4447d72413cf08273433f5616beb99.ctex
[  88% ] savepack | ファイルの保存中: res://art_delivery/wood_buildings_v1/floor/boundary/w.png.import
[  88% ] savepack | ファイルの保存中: res://.godot/imported/mask_00.png-74314cab9b7763434413bd85fded712c.ctex
[  88% ] savepack | ファイルの保存中: res://art_delivery/wood_buildings_v1/floor/perimeter/mask_00.png.import
[  89% ] savepack | ファイルの保存中: res://.godot/imported/mask_01.png-fa0dfa556bad5d108056ef2673bad520.ctex
[  89% ] savepack | ファイルの保存中: res://art_delivery/wood_buildings_v1/floor/perimeter/mask_01.png.import
[  89% ] savepack | ファイルの保存中: res://.godot/imported/mask_02.png-f4c418bb4031bde7571d19d52828beb5.ctex
[  89% ] savepack | ファイルの保存中: res://art_delivery/wood_buildings_v1/floor/perimeter/mask_02.png.import
[  89% ] savepack | ファイルの保存中: res://.godot/imported/mask_03.png-9c5114dbd2746e09fddd05ed46376f2f.ctex
[  89% ] savepack | ファイルの保存中: res://art_delivery/wood_buildings_v1/floor/perimeter/mask_03.png.import
[  89% ] savepack | ファイルの保存中: res://.godot/imported/mask_04.png-062d7c7c9ead8cddea8aa0168e86ce0e.ctex
[  89% ] savepack | ファイルの保存中: res://art_delivery/wood_buildings_v1/floor/perimeter/mask_04.png.import
[  90% ] savepack | ファイルの保存中: res://.godot/imported/mask_05.png-3886d96dfa06fd78929b6292e5836369.ctex
[  90% ] savepack | ファイルの保存中: res://art_delivery/wood_buildings_v1/floor/perimeter/mask_05.png.import
[  90% ] savepack | ファイルの保存中: res://.godot/imported/mask_06.png-6302a10e1a589825f3ff664a380f6058.ctex
[  90% ] savepack | ファイルの保存中: res://art_delivery/wood_buildings_v1/floor/perimeter/mask_06.png.import
[  90% ] savepack | ファイルの保存中: res://.godot/imported/mask_07.png-5ed7db2a83b31f218e623099ec45efa0.ctex
[  90% ] savepack | ファイルの保存中: res://art_delivery/wood_buildings_v1/floor/perimeter/mask_07.png.import
[  90% ] savepack | ファイルの保存中: res://.godot/imported/mask_08.png-9a8368ee352127147b43f174b1f4476a.ctex
[  90% ] savepack | ファイルの保存中: res://art_delivery/wood_buildings_v1/floor/perimeter/mask_08.png.import
[  90% ] savepack | ファイルの保存中: res://.godot/imported/mask_09.png-d236006d28b8034a5e31b6f9d89b403c.ctex
[  90% ] savepack | ファイルの保存中: res://art_delivery/wood_buildings_v1/floor/perimeter/mask_09.png.import
[  91% ] savepack | ファイルの保存中: res://.godot/imported/mask_10.png-5a0c4b1ce7c1cc7e53cdf7ec13b4e3d2.ctex
[  91% ] savepack | ファイルの保存中: res://art_delivery/wood_buildings_v1/floor/perimeter/mask_10.png.import
[  91% ] savepack | ファイルの保存中: res://.godot/imported/mask_11.png-b389455363c2a9c43a2f24aa2cf08fb0.ctex
[  91% ] savepack | ファイルの保存中: res://art_delivery/wood_buildings_v1/floor/perimeter/mask_11.png.import
[  91% ] savepack | ファイルの保存中: res://.godot/imported/mask_12.png-2baec28d92bbbf1bb125efc171391eb0.ctex
[  91% ] savepack | ファイルの保存中: res://art_delivery/wood_buildings_v1/floor/perimeter/mask_12.png.import
[  91% ] savepack | ファイルの保存中: res://.godot/imported/mask_13.png-c979ef2aef39b9e383185d227bdcb861.ctex
[  91% ] savepack | ファイルの保存中: res://art_delivery/wood_buildings_v1/floor/perimeter/mask_13.png.import
[  92% ] savepack | ファイルの保存中: res://.godot/imported/mask_14.png-3503b65cbc6082fca06b70590055bd85.ctex
[  92% ] savepack | ファイルの保存中: res://art_delivery/wood_buildings_v1/floor/perimeter/mask_14.png.import
[  92% ] savepack | ファイルの保存中: res://.godot/imported/mask_15.png-68a92869d2cfcdb79b851359c93539d9.ctex
[  92% ] savepack | ファイルの保存中: res://art_delivery/wood_buildings_v1/floor/perimeter/mask_15.png.import
[  92% ] savepack | ファイルの保存中: res://.godot/imported/wood_00.png-a35d18cb28e4ce336a94425abe9ef2da.ctex
[  92% ] savepack | ファイルの保存中: res://art_delivery/wood_buildings_v1/floor/wood_00.png.import
[  92% ] savepack | ファイルの保存中: res://.godot/imported/wood_mask_00.png-e9f3b92db5ae57af04921b23f460bed8.ctex
[  92% ] savepack | ファイルの保存中: res://art_delivery/wood_buildings_v1/wall/damaged/wood_mask_00.png.import
[  93% ] savepack | ファイルの保存中: res://.godot/imported/wood_mask_01.png-5a51634a1e02b2f559d9fea87722171f.ctex
[  93% ] savepack | ファイルの保存中: res://art_delivery/wood_buildings_v1/wall/damaged/wood_mask_01.png.import
[  93% ] savepack | ファイルの保存中: res://.godot/imported/wood_mask_02.png-d1340161e4f5a4376c86adbd8f2315a8.ctex
[  93% ] savepack | ファイルの保存中: res://art_delivery/wood_buildings_v1/wall/damaged/wood_mask_02.png.import
[  93% ] savepack | ファイルの保存中: res://.godot/imported/wood_mask_03.png-ab805662e3d3efee25d554f79c56c883.ctex
[  93% ] savepack | ファイルの保存中: res://art_delivery/wood_buildings_v1/wall/damaged/wood_mask_03.png.import
[  93% ] savepack | ファイルの保存中: res://.godot/imported/wood_mask_04.png-59fa4e42bf394cdce6740f022a7b0fd9.ctex
[  93% ] savepack | ファイルの保存中: res://art_delivery/wood_buildings_v1/wall/damaged/wood_mask_04.png.import
[  93% ] savepack | ファイルの保存中: res://.godot/imported/wood_mask_05.png-4a13b3479566c7d2fb78cb2b40058eb2.ctex
[  93% ] savepack | ファイルの保存中: res://art_delivery/wood_buildings_v1/wall/damaged/wood_mask_05.png.import
[  94% ] savepack | ファイルの保存中: res://.godot/imported/wood_mask_06.png-4e514e34d652043887ebd7a46d3e609c.ctex
[  94% ] savepack | ファイルの保存中: res://art_delivery/wood_buildings_v1/wall/damaged/wood_mask_06.png.import
[  94% ] savepack | ファイルの保存中: res://.godot/imported/wood_mask_07.png-fdabf05019e6f84e2cddb8e7a9e0135c.ctex
[  94% ] savepack | ファイルの保存中: res://art_delivery/wood_buildings_v1/wall/damaged/wood_mask_07.png.import
[  94% ] savepack | ファイルの保存中: res://.godot/imported/wood_mask_08.png-963a46a1240297810e8b2809ec76403f.ctex
[  94% ] savepack | ファイルの保存中: res://art_delivery/wood_buildings_v1/wall/damaged/wood_mask_08.png.import
[  94% ] savepack | ファイルの保存中: res://.godot/imported/wood_mask_09.png-331ee27f6a71f72bc6c6a9f586b7096e.ctex
[  94% ] savepack | ファイルの保存中: res://art_delivery/wood_buildings_v1/wall/damaged/wood_mask_09.png.import
[  95% ] savepack | ファイルの保存中: res://.godot/imported/wood_mask_10.png-3c4118006cc4470ff8b65af4879d45a9.ctex
[  95% ] savepack | ファイルの保存中: res://art_delivery/wood_buildings_v1/wall/damaged/wood_mask_10.png.import
[  95% ] savepack | ファイルの保存中: res://.godot/imported/wood_mask_11.png-d2a47421b3523e128876b4cfc26fc86b.ctex
[  95% ] savepack | ファイルの保存中: res://art_delivery/wood_buildings_v1/wall/damaged/wood_mask_11.png.import
[  95% ] savepack | ファイルの保存中: res://.godot/imported/wood_mask_12.png-08136d3b269b25ef5397e09bdd96f3e7.ctex
[  95% ] savepack | ファイルの保存中: res://art_delivery/wood_buildings_v1/wall/damaged/wood_mask_12.png.import
[  95% ] savepack | ファイルの保存中: res://.godot/imported/wood_mask_13.png-1b1da8bf93f02fd5e22bc95b9f381d39.ctex
[  95% ] savepack | ファイルの保存中: res://art_delivery/wood_buildings_v1/wall/damaged/wood_mask_13.png.import
[  96% ] savepack | ファイルの保存中: res://.godot/imported/wood_mask_14.png-fd9b39e6094929206b36279926c8f133.ctex
[  96% ] savepack | ファイルの保存中: res://art_delivery/wood_buildings_v1/wall/damaged/wood_mask_14.png.import
[  96% ] savepack | ファイルの保存中: res://.godot/imported/wood_mask_15.png-fa57804a2c19dd2d71a39dceeaa93089.ctex
[  96% ] savepack | ファイルの保存中: res://art_delivery/wood_buildings_v1/wall/damaged/wood_mask_15.png.import
[  96% ] savepack | ファイルの保存中: res://.godot/imported/wood_mask_00.png-fc623f04e0f04b7f42b13fdad566045c.ctex
[  96% ] savepack | ファイルの保存中: res://art_delivery/wood_buildings_v1/wall/normal/wood_mask_00.png.import
[  96% ] savepack | ファイルの保存中: res://.godot/imported/wood_mask_01.png-f186dd7561691aebe3aa19da2de00e30.ctex
[  96% ] savepack | ファイルの保存中: res://art_delivery/wood_buildings_v1/wall/normal/wood_mask_01.png.import
[  96% ] savepack | ファイルの保存中: res://.godot/imported/wood_mask_02.png-0c222c42452cd54efcb55ea853288064.ctex
[  96% ] savepack | ファイルの保存中: res://art_delivery/wood_buildings_v1/wall/normal/wood_mask_02.png.import
[  97% ] savepack | ファイルの保存中: res://.godot/imported/wood_mask_03.png-94c35f7bf574e7b67af3f53ff3b59f00.ctex
[  97% ] savepack | ファイルの保存中: res://art_delivery/wood_buildings_v1/wall/normal/wood_mask_03.png.import
[  97% ] savepack | ファイルの保存中: res://.godot/imported/wood_mask_04.png-d2628c4db7059f675fa4a184387f9add.ctex
[  97% ] savepack | ファイルの保存中: res://art_delivery/wood_buildings_v1/wall/normal/wood_mask_04.png.import
[  97% ] savepack | ファイルの保存中: res://.godot/imported/wood_mask_05.png-0b1c5d8e36067d5034e61baa852906a4.ctex
[  97% ] savepack | ファイルの保存中: res://art_delivery/wood_buildings_v1/wall/normal/wood_mask_05.png.import
[  97% ] savepack | ファイルの保存中: res://.godot/imported/wood_mask_06.png-82784c29665f7a631412ad166eab285c.ctex
[  97% ] savepack | ファイルの保存中: res://art_delivery/wood_buildings_v1/wall/normal/wood_mask_06.png.import
[  98% ] savepack | ファイルの保存中: res://.godot/imported/wood_mask_07.png-561901a971b32c7e947772b08896ca6c.ctex
[  98% ] savepack | ファイルの保存中: res://art_delivery/wood_buildings_v1/wall/normal/wood_mask_07.png.import
[  98% ] savepack | ファイルの保存中: res://.godot/imported/wood_mask_08.png-4615d19948160e0c1391e3801f6b91e2.ctex
[  98% ] savepack | ファイルの保存中: res://art_delivery/wood_buildings_v1/wall/normal/wood_mask_08.png.import
[  98% ] savepack | ファイルの保存中: res://.godot/imported/wood_mask_09.png-32ca3801a4c9d18d919a1c2740cf7977.ctex
[  98% ] savepack | ファイルの保存中: res://art_delivery/wood_buildings_v1/wall/normal/wood_mask_09.png.import
[  98% ] savepack | ファイルの保存中: res://.godot/imported/wood_mask_10.png-b998070aa9bf37f8ef268f0f83e994ed.ctex
[  98% ] savepack | ファイルの保存中: res://art_delivery/wood_buildings_v1/wall/normal/wood_mask_10.png.import
[  98% ] savepack | ファイルの保存中: res://assets/fonts/ui_font.tres.remap
[  98% ] savepack | ファイルの保存中: res://game/adopted_art.gd.remap
[  98% ] savepack | ファイルの保存中: res://game/animal_data.gd.remap
[  98% ] savepack | ファイルの保存中: res://game/animal_orders.gd.remap
[  98% ] savepack | ファイルの保存中: res://game/board_art.gd.remap
[  98% ] savepack | ファイルの保存中: res://game/book_view.gd.remap
[  98% ] savepack | ファイルの保存中: res://game/buildings.gd.remap
[  98% ] savepack | ファイルの保存中: res://game/building_art.gd.remap
[  98% ] savepack | ファイルの保存中: res://game/world.gd.remap
[  98% ] savepack | ファイルの保存中: res://game/ui_style.gd.remap
[  98% ] savepack | ファイルの保存中: res://game/subtasks.gd.remap
[  98% ] savepack | ファイルの保存中: res://game/stages.gd.remap
[  98% ] savepack | ファイルの保存中: res://game/shop_table.gd.remap
[  98% ] savepack | ファイルの保存中: res://game/rules.gd.remap
[  98% ] savepack | ファイルの保存中: res://game/raider_ai.gd.remap
[  98% ] savepack | ファイルの保存中: res://game/market_view.gd.remap
[  98% ] savepack | ファイルの保存中: res://game/main.tscn.remap
[  98% ] savepack | ファイルの保存中: res://game/main.gd.remap
[  98% ] savepack | ファイルの保存中: res://game/keeper_life.gd.remap
[  98% ] savepack | ファイルの保存中: res://game/keeper_jobs.gd.remap
[  98% ] savepack | ファイルの保存中: res://game/farm_audio.gd.remap
[  98% ] savepack | ファイルの保存中: res://game/delivered_art.gd.remap
[  98% ] savepack | ファイルの保存中: res://game/decision_ai.gd.remap
[  98% ] savepack | ファイルの保存中: res://.godot/global_script_class_cache.cfg
[  98% ] savepack | ファイルの保存中: res://.godot/uid_cache.bin
[  98% ] savepack | ファイルの保存中: res://project.binary
[ DONE ] savepack

