Godot Engine v4.7.2.stable.official.ed1daf0bf - https://godotengine.org

[   0% ] first_scan_filesystem | Started プロジェクトの初期化 (5 steps)
[   0% ] first_scan_filesystem | ファイル構造をスキャン中...
[  16% ] first_scan_filesystem | グローバルクラス名を読み込み中...
[  33% ] first_scan_filesystem | GDExtensionを検証中...
[  50% ] first_scan_filesystem | 自動読み込みスクリプトを作成中...
[  66% ] first_scan_filesystem | プラグインを初期化中...
[  83% ] first_scan_filesystem | ファイルスキャンを開始...
[ DONE ] first_scan_filesystem

[   0% ] savepack | Started パック中 (102 steps)
[   1% ] savepack | ファイルの保存中: res://.godot/imported/idle_left_00.png-9fd74a880096a6371bfe8ae68a46462b.ctex
[   1% ] savepack | ファイルの保存中: res://art_delivery/characters_motion_v1/keeper/idle_left_00.png.import
[   1% ] savepack | ファイルの保存中: res://.godot/imported/rest_left_00.png-fcff6ad37e46a1a6a2827cb503f35963.ctex
[   1% ] savepack | ファイルの保存中: res://art_delivery/characters_motion_v1/keeper/rest_left_00.png.import
[   2% ] savepack | ファイルの保存中: res://.godot/imported/rest_left_01.png-6ffc2cd21e1a156a668bb012f72e47ff.ctex
[   2% ] savepack | ファイルの保存中: res://art_delivery/characters_motion_v1/keeper/rest_left_01.png.import
[   3% ] savepack | ファイルの保存中: res://assets/fonts/OFL.txt
[   3% ] savepack | ファイルの保存中: res://.godot/imported/rest_right_00.png-0ca81f5dbc2cbe5369c13b5540f88f38.ctex
[   3% ] savepack | ファイルの保存中: res://art_delivery/characters_motion_v1/keeper/rest_right_00.png.import
[   4% ] savepack | ファイルの保存中: res://.godot/imported/rest_right_01.png-c27dac2bf2d8beceb9192dfe418efec0.ctex
[   4% ] savepack | ファイルの保存中: res://art_delivery/characters_motion_v1/keeper/rest_right_01.png.import
[   5% ] savepack | ファイルの保存中: res://assets/GODOT_COPYRIGHT.txt
[   5% ] savepack | ファイルの保存中: res://.godot/imported/settle_left_00.png-9cc533e37e84b07cd38aab14fc006f19.ctex
[   5% ] savepack | ファイルの保存中: res://art_delivery/characters_motion_v1/keeper/settle_left_00.png.import
[   6% ] savepack | ファイルの保存中: res://.godot/imported/settle_left_01.png-3614c2e1e7e15bca962e5c325d7ab0df.ctex
[   6% ] savepack | ファイルの保存中: res://art_delivery/characters_motion_v1/keeper/settle_left_01.png.import
[   7% ] savepack | ファイルの保存中: res://game/book_view.gdc
[   7% ] savepack | ファイルの保存中: res://.godot/imported/settle_right_00.png-4b08741c8cb088e1e4500c41b39da555.ctex
[   7% ] savepack | ファイルの保存中: res://art_delivery/characters_motion_v1/keeper/settle_right_00.png.import
[   8% ] savepack | ファイルの保存中: res://.godot/imported/settle_right_01.png-8056e21e17ded7bd8245b0d8a0eeb2b0.ctex
[   8% ] savepack | ファイルの保存中: res://art_delivery/characters_motion_v1/keeper/settle_right_01.png.import
[   9% ] savepack | ファイルの保存中: res://game/board_art.gdc
[  10% ] savepack | ファイルの保存中: res://.godot/imported/sleep_left_00.png-77829ed1fc72ed7b5d72792102a52aae.ctex
[  10% ] savepack | ファイルの保存中: res://art_delivery/characters_motion_v1/keeper/sleep_left_00.png.import
[  10% ] savepack | ファイルの保存中: res://.godot/imported/sleep_left_01.png-ffab63a2897251b2ce3b9467dc37e6df.ctex
[  10% ] savepack | ファイルの保存中: res://art_delivery/characters_motion_v1/keeper/sleep_left_01.png.import
[  11% ] savepack | ファイルの保存中: res://game/art_provenance.json
[  12% ] savepack | ファイルの保存中: res://.godot/imported/sleep_right_00.png-55050492b0e27a18486155acfc75500b.ctex
[  12% ] savepack | ファイルの保存中: res://art_delivery/characters_motion_v1/keeper/sleep_right_00.png.import
[  12% ] savepack | ファイルの保存中: res://.godot/imported/sleep_right_01.png-332f02c55844b0a176d2fd0565570d31.ctex
[  12% ] savepack | ファイルの保存中: res://art_delivery/characters_motion_v1/keeper/sleep_right_01.png.import
[  13% ] savepack | ファイルの保存中: res://.godot/imported/idle_none_00.png-8909db5f784b6e15416a85e64c71bd02.ctex
[  13% ] savepack | ファイルの保存中: res://art_delivery/ranch_assets_v1/scroll/idle_none_00.png.import
[  14% ] savepack | ファイルの保存中: res://.godot/imported/wake_left_00.png-34dff1e27faa4919095ba49af7d54888.ctex
[  14% ] savepack | ファイルの保存中: res://art_delivery/characters_motion_v1/keeper/wake_left_00.png.import
[  14% ] savepack | ファイルの保存中: res://.godot/imported/wake_left_01.png-f287780cc4c6df7ee5405d380634e128.ctex
[  14% ] savepack | ファイルの保存中: res://art_delivery/characters_motion_v1/keeper/wake_left_01.png.import
[  15% ] savepack | ファイルの保存中: res://game/animal_orders.gdc
[  16% ] savepack | ファイルの保存中: res://.godot/imported/wake_right_00.png-577251fb4dddbfe6a2caaadf9974e5ca.ctex
[  16% ] savepack | ファイルの保存中: res://art_delivery/characters_motion_v1/keeper/wake_right_00.png.import
[  17% ] savepack | ファイルの保存中: res://.godot/imported/wake_right_01.png-a6545d07da76cff37ca9eb1528a14248.ctex
[  17% ] savepack | ファイルの保存中: res://art_delivery/characters_motion_v1/keeper/wake_right_01.png.import
[  17% ] savepack | ファイルの保存中: res://game/animal_data.gdc
[  18% ] savepack | ファイルの保存中: res://.godot/imported/walk_left_00.png-82c81331846f3eab7a35e53618628b81.ctex
[  18% ] savepack | ファイルの保存中: res://art_delivery/characters_motion_v1/keeper/walk_left_00.png.import
[  19% ] savepack | ファイルの保存中: res://.godot/imported/walk_left_01.png-41bdaa2cc4b16da5e1802578795d47e7.ctex
[  19% ] savepack | ファイルの保存中: res://art_delivery/characters_motion_v1/keeper/walk_left_01.png.import
[  19% ] savepack | ファイルの保存中: res://.godot/imported/walk_left_02.png-fef18b28b320b4836175be54baed756c.ctex
[  19% ] savepack | ファイルの保存中: res://art_delivery/characters_motion_v1/keeper/walk_left_02.png.import
[  20% ] savepack | ファイルの保存中: res://.godot/imported/walk_left_03.png-f2487fa856ce4f3ab4fe2362686b7333.ctex
[  20% ] savepack | ファイルの保存中: res://art_delivery/characters_motion_v1/keeper/walk_left_03.png.import
[  21% ] savepack | ファイルの保存中: res://game/adopted_art.gdc
[  21% ] savepack | ファイルの保存中: res://.godot/imported/walk_right_00.png-03ff0f3ab46ce8da10bd35124a89a303.ctex
[  21% ] savepack | ファイルの保存中: res://art_delivery/characters_motion_v1/keeper/walk_right_00.png.import
[  22% ] savepack | ファイルの保存中: res://.godot/imported/walk_right_01.png-7d5f2ec18b7e28da67951f9e06310022.ctex
[  22% ] savepack | ファイルの保存中: res://art_delivery/characters_motion_v1/keeper/walk_right_01.png.import
[  23% ] savepack | ファイルの保存中: res://.godot/imported/walk_right_02.png-a403c158f68682d408b04e7afc00ecc9.ctex
[  23% ] savepack | ファイルの保存中: res://art_delivery/characters_motion_v1/keeper/walk_right_02.png.import
[  24% ] savepack | ファイルの保存中: res://.godot/imported/walk_right_03.png-92f3ae02571d176e98ea193b293ea299.ctex
[  24% ] savepack | ファイルの保存中: res://art_delivery/characters_motion_v1/keeper/walk_right_03.png.import
[  24% ] savepack | ファイルの保存中: res://art_delivery/ranch_assets_v1/manifest.json
[  25% ] savepack | ファイルの保存中: res://.godot/imported/rest_left_00.png-f6c4dfc36cb240334c638c7227049bd8.ctex
[  25% ] savepack | ファイルの保存中: res://art_delivery/characters_motion_v1/shiba/rest_left_00.png.import
[  26% ] savepack | ファイルの保存中: res://.godot/imported/rest_left_01.png-b2bd2da8748897cafe87bfd8973f43e4.ctex
[  26% ] savepack | ファイルの保存中: res://art_delivery/characters_motion_v1/shiba/rest_left_01.png.import
[  26% ] savepack | ファイルの保存中: res://art_delivery/ranch_assets_v1/QA.json
[  27% ] savepack | ファイルの保存中: res://.godot/imported/rest_right_00.png-a475cabd9a5255aa9aa9efbb0cfad497.ctex
[  27% ] savepack | ファイルの保存中: res://art_delivery/characters_motion_v1/shiba/rest_right_00.png.import
[  28% ] savepack | ファイルの保存中: res://.godot/imported/rest_right_01.png-1bc7f69de41463affe8d11a7c1c47e83.ctex
[  28% ] savepack | ファイルの保存中: res://art_delivery/characters_motion_v1/shiba/rest_right_01.png.import
[  28% ] savepack | ファイルの保存中: res://.godot/imported/NotoSansJP.ttf-2659246e986fc2d136c17e42de851678.fontdata
[  28% ] savepack | ファイルの保存中: res://assets/fonts/NotoSansJP.ttf.import
[  29% ] savepack | ファイルの保存中: res://.godot/imported/settle_left_00.png-b8ed338bfdb08131fef43c4695f60cc0.ctex
[  29% ] savepack | ファイルの保存中: res://art_delivery/characters_motion_v1/shiba/settle_left_00.png.import
[  30% ] savepack | ファイルの保存中: res://.godot/imported/settle_left_01.png-b9ac7cfd4336c53ce255bc434a7a94d6.ctex
[  30% ] savepack | ファイルの保存中: res://art_delivery/characters_motion_v1/shiba/settle_left_01.png.import
[  31% ] savepack | ファイルの保存中: res://.godot/exported/133200997/export-c9f63981c2767fcf8f86c2a5c40c48f5-ui_font.res
[  31% ] savepack | ファイルの保存中: res://.godot/imported/settle_right_00.png-93e33af7904eee208d0a5ff689a19949.ctex
[  31% ] savepack | ファイルの保存中: res://art_delivery/characters_motion_v1/shiba/settle_right_00.png.import
[  32% ] savepack | ファイルの保存中: res://.godot/imported/settle_right_01.png-f1e39e987a68d31312b3609f24a39cc3.ctex
[  32% ] savepack | ファイルの保存中: res://art_delivery/characters_motion_v1/shiba/settle_right_01.png.import
[  33% ] savepack | ファイルの保存中: res://.godot/imported/paper-frame.svg-3213a106f5a0cbcef663f24861c11d8b.ctex
[  33% ] savepack | ファイルの保存中: res://assets/ui/paper-frame.svg.import
[  33% ] savepack | ファイルの保存中: res://.godot/imported/wake_left_00.png-8c4e1b69e32875b58fc1de72be3f8232.ctex
[  33% ] savepack | ファイルの保存中: res://art_delivery/characters_motion_v1/shiba/wake_left_00.png.import
[  33% ] savepack | ファイルの保存中: res://.godot/imported/wake_left_01.png-1bebcc5623c2931744e8742d126443ba.ctex
[  33% ] savepack | ファイルの保存中: res://art_delivery/characters_motion_v1/shiba/wake_left_01.png.import
[  34% ] savepack | ファイルの保存中: res://game/world.gdc
[  34% ] savepack | ファイルの保存中: res://.godot/imported/wake_right_00.png-337c6f68ebedb0a6135a6b8ce8ed4a1d.ctex
[  34% ] savepack | ファイルの保存中: res://art_delivery/characters_motion_v1/shiba/wake_right_00.png.import
[  35% ] savepack | ファイルの保存中: res://.godot/imported/wake_right_01.png-17c7c66726ac614d111a96c624cd3aa3.ctex
[  35% ] savepack | ファイルの保存中: res://art_delivery/characters_motion_v1/shiba/wake_right_01.png.import
[  36% ] savepack | ファイルの保存中: res://game/ui_style.gdc
[  37% ] savepack | ファイルの保存中: res://.godot/imported/walk_left_00.png-8145bdec2274c4d3803b7eea577fdd51.ctex
[  37% ] savepack | ファイルの保存中: res://art_delivery/characters_motion_v1/shiba/walk_left_00.png.import
[  37% ] savepack | ファイルの保存中: res://.godot/imported/walk_left_01.png-815d387fde99d4b52a21da34ae239316.ctex
[  37% ] savepack | ファイルの保存中: res://art_delivery/characters_motion_v1/shiba/walk_left_01.png.import
[  38% ] savepack | ファイルの保存中: res://.godot/imported/walk_left_02.png-f8fa6347ededc6d9b1248038950568fc.ctex
[  38% ] savepack | ファイルの保存中: res://art_delivery/characters_motion_v1/shiba/walk_left_02.png.import
[  39% ] savepack | ファイルの保存中: res://.godot/imported/walk_left_03.png-72326cf063c409725ea31c8e8da37bf7.ctex
[  39% ] savepack | ファイルの保存中: res://art_delivery/characters_motion_v1/shiba/walk_left_03.png.import
[  39% ] savepack | ファイルの保存中: res://game/subtasks.gdc
[  40% ] savepack | ファイルの保存中: res://.godot/imported/walk_right_00.png-2af86f35a288f7d82700ea6d013fd075.ctex
[  40% ] savepack | ファイルの保存中: res://art_delivery/characters_motion_v1/shiba/walk_right_00.png.import
[  41% ] savepack | ファイルの保存中: res://.godot/imported/walk_right_01.png-8147d6dd72bc42f36dede9741773dc9c.ctex
[  41% ] savepack | ファイルの保存中: res://art_delivery/characters_motion_v1/shiba/walk_right_01.png.import
[  41% ] savepack | ファイルの保存中: res://.godot/imported/walk_right_02.png-7b305bcb190a75eceb478d871ed2a9f2.ctex
[  41% ] savepack | ファイルの保存中: res://art_delivery/characters_motion_v1/shiba/walk_right_02.png.import
[  42% ] savepack | ファイルの保存中: res://.godot/imported/walk_right_03.png-8e88b2440bb48829529578c01b78a158.ctex
[  42% ] savepack | ファイルの保存中: res://art_delivery/characters_motion_v1/shiba/walk_right_03.png.import
[  43% ] savepack | ファイルの保存中: res://game/stages.gdc
[  44% ] savepack | ファイルの保存中: res://art_delivery/characters_motion_v1/manifest.json
[  44% ] savepack | ファイルの保存中: res://.godot/imported/keeper_idle_right_00.png-1d6b61430df0609e04f4ef9ef3bc605e.ctex
[  44% ] savepack | ファイルの保存中: res://art_delivery/characters_v1/keeper_idle_right_00.png.import
[  45% ] savepack | ファイルの保存中: res://art_delivery/characters_v1/manifest.json
[  46% ] savepack | ファイルの保存中: res://.godot/imported/shiba_idle_front_00.png-45c1aff554711c09ccc62c3c14cecc3d.ctex
[  46% ] savepack | ファイルの保存中: res://art_delivery/characters_v1/shiba_idle_front_00.png.import
[  46% ] savepack | ファイルの保存中: res://.godot/imported/shiba_idle_left_00.png-9717761d2bd9a92381c8b4634f506031.ctex
[  46% ] savepack | ファイルの保存中: res://art_delivery/characters_v1/shiba_idle_left_00.png.import
[  47% ] savepack | ファイルの保存中: res://.godot/imported/shiba_idle_right_00.png-1e28c90d3998ca94e5c42e448ebbe8b9.ctex
[  47% ] savepack | ファイルの保存中: res://art_delivery/characters_v1/shiba_idle_right_00.png.import
[  48% ] savepack | ファイルの保存中: res://.godot/imported/cart_idle_00.png-066d52f05756f1cbe981962fc61a780f.ctex
[  48% ] savepack | ファイルの保存中: res://art_delivery/merchant_board_v1/cart_idle_00.png.import
[  48% ] savepack | ファイルの保存中: res://art_delivery/merchant_board_v1/manifest.json
[  49% ] savepack | ファイルの保存中: res://.godot/imported/idle_front_00.png-56adcbdfc1b6fe4c5f055ad132458a69.ctex
[  49% ] savepack | ファイルの保存中: res://art_delivery/merchant_cart_v2/cart/idle_front_00.png.import
[  50% ] savepack | ファイルの保存中: res://.godot/imported/idle_right_00.png-d9d3bde3b0146627df3fc7ceeecb70a6.ctex
[  50% ] savepack | ファイルの保存中: res://art_delivery/merchant_cart_v2/merchant/idle_right_00.png.import
[  51% ] savepack | ファイルの保存中: res://art_delivery/merchant_cart_v2/manifest.json
[  51% ] savepack | ファイルの保存中: res://.godot/imported/binding_shadow_layer.png-1d40baadb341217e349372495ad86539.ctex
[  51% ] savepack | ファイルの保存中: res://art_delivery/ranch_assets_v1/book/binding_shadow_layer.png.import
[  52% ] savepack | ファイルの保存中: res://.godot/imported/closed_00.png-deccd57859f09b228f9129d16d81c508.ctex
[  52% ] savepack | ファイルの保存中: res://art_delivery/ranch_assets_v1/book/closed_00.png.import
[  53% ] savepack | ファイルの保存中: res://.godot/imported/closing_00.png-51a4859139ec60a4eef1aa249ca1a469.ctex
[  53% ] savepack | ファイルの保存中: res://art_delivery/ranch_assets_v1/book/closing_00.png.import
[  53% ] savepack | ファイルの保存中: res://.godot/imported/closing_01.png-57a1c5bae910c7ae5357d36ff5e84884.ctex
[  53% ] savepack | ファイルの保存中: res://art_delivery/ranch_assets_v1/book/closing_01.png.import
[  54% ] savepack | ファイルの保存中: res://.godot/imported/closing_02.png-a8e4bdfcaf8a715673470043fd2b1c8f.ctex
[  54% ] savepack | ファイルの保存中: res://art_delivery/ranch_assets_v1/book/closing_02.png.import
[  55% ] savepack | ファイルの保存中: res://.godot/imported/closing_03.png-b3a7a3a925ef4e857687a55fc89cde08.ctex
[  55% ] savepack | ファイルの保存中: res://art_delivery/ranch_assets_v1/book/closing_03.png.import
[  55% ] savepack | ファイルの保存中: res://.godot/imported/closing_04.png-1ed40639878944c899c17a76d6ae64e9.ctex
[  55% ] savepack | ファイルの保存中: res://art_delivery/ranch_assets_v1/book/closing_04.png.import
[  56% ] savepack | ファイルの保存中: res://.godot/imported/closing_05.png-aaf8a62c3b28087c52f741761905fa52.ctex
[  56% ] savepack | ファイルの保存中: res://art_delivery/ranch_assets_v1/book/closing_05.png.import
[  57% ] savepack | ファイルの保存中: res://.godot/imported/cover_layer.png-1f417c04b208887f63908ed65c5659f8.ctex
[  57% ] savepack | ファイルの保存中: res://art_delivery/ranch_assets_v1/book/cover_layer.png.import
[  58% ] savepack | ファイルの保存中: res://.godot/imported/front_cover_hinge_layer.png-8692a7b7c94a497651b45316ec1b1a41.ctex
[  58% ] savepack | ファイルの保存中: res://art_delivery/ranch_assets_v1/book/front_cover_hinge_layer.png.import
[  58% ] savepack | ファイルの保存中: res://.godot/imported/opening_00.png-8af62442c1d28717ef01ce0273da216a.ctex
[  58% ] savepack | ファイルの保存中: res://art_delivery/ranch_assets_v1/book/opening_00.png.import
[  59% ] savepack | ファイルの保存中: res://.godot/imported/opening_01.png-7ed07a89525aa0f3107e23c43cfa54c3.ctex
[  59% ] savepack | ファイルの保存中: res://art_delivery/ranch_assets_v1/book/opening_01.png.import
[  60% ] savepack | ファイルの保存中: res://.godot/imported/opening_02.png-97072e6b91a11afdfcf4e4c5f97f794a.ctex
[  60% ] savepack | ファイルの保存中: res://art_delivery/ranch_assets_v1/book/opening_02.png.import
[  60% ] savepack | ファイルの保存中: res://.godot/imported/opening_03.png-6c03384cff85e808df6eacd5d7e782fe.ctex
[  60% ] savepack | ファイルの保存中: res://art_delivery/ranch_assets_v1/book/opening_03.png.import
[  61% ] savepack | ファイルの保存中: res://.godot/imported/opening_04.png-5b5d726e54e7fccff671b4cffe08b4a9.ctex
[  61% ] savepack | ファイルの保存中: res://art_delivery/ranch_assets_v1/book/opening_04.png.import
[  62% ] savepack | ファイルの保存中: res://.godot/imported/opening_05.png-4bb1745382b4c1c287e180121b41f3c8.ctex
[  62% ] savepack | ファイルの保存中: res://art_delivery/ranch_assets_v1/book/opening_05.png.import
[  62% ] savepack | ファイルの保存中: res://.godot/imported/open_00.png-12c5a90d903429bafc5091eb03ea7e24.ctex
[  62% ] savepack | ファイルの保存中: res://art_delivery/ranch_assets_v1/book/open_00.png.import
[  63% ] savepack | ファイルの保存中: res://.godot/imported/page_next_00.png-4d87d126ee4904c16cbadecb0b39a743.ctex
[  63% ] savepack | ファイルの保存中: res://art_delivery/ranch_assets_v1/book/page_next_00.png.import
[  64% ] savepack | ファイルの保存中: res://.godot/imported/page_next_01.png-772d477e5fe0be9adca32fba8ee64c56.ctex
[  64% ] savepack | ファイルの保存中: res://art_delivery/ranch_assets_v1/book/page_next_01.png.import
[  65% ] savepack | ファイルの保存中: res://.godot/imported/page_next_02.png-10a4347cae07d977d7fc414e14a522ae.ctex
[  65% ] savepack | ファイルの保存中: res://art_delivery/ranch_assets_v1/book/page_next_02.png.import
[  65% ] savepack | ファイルの保存中: res://.godot/imported/page_next_03.png-3ee5bc30a825eb8845a765414e61545b.ctex
[  65% ] savepack | ファイルの保存中: res://art_delivery/ranch_assets_v1/book/page_next_03.png.import
[  66% ] savepack | ファイルの保存中: res://.godot/imported/page_next_04.png-3b5285af39d7b5ca363d9f2a5e97d2a4.ctex
[  66% ] savepack | ファイルの保存中: res://art_delivery/ranch_assets_v1/book/page_next_04.png.import
[  66% ] savepack | ファイルの保存中: res://.godot/imported/page_next_05.png-600e0d89c07bb75627acc8686d1cc6e2.ctex
[  66% ] savepack | ファイルの保存中: res://art_delivery/ranch_assets_v1/book/page_next_05.png.import
[  66% ] savepack | ファイルの保存中: res://.godot/imported/page_previous_00.png-03cb355525d761f06d0b5c8b20e68f01.ctex
[  66% ] savepack | ファイルの保存中: res://art_delivery/ranch_assets_v1/book/page_previous_00.png.import
[  67% ] savepack | ファイルの保存中: res://.godot/imported/page_previous_01.png-118245a0e0e1c105e060cacd61490ae0.ctex
[  67% ] savepack | ファイルの保存中: res://art_delivery/ranch_assets_v1/book/page_previous_01.png.import
[  68% ] savepack | ファイルの保存中: res://.godot/imported/page_previous_02.png-e6b91cd65a55f7f7e7928afdf8a02681.ctex
[  68% ] savepack | ファイルの保存中: res://art_delivery/ranch_assets_v1/book/page_previous_02.png.import
[  68% ] savepack | ファイルの保存中: res://.godot/imported/page_previous_03.png-100cec548e965dab05a58162b639e22e.ctex
[  68% ] savepack | ファイルの保存中: res://art_delivery/ranch_assets_v1/book/page_previous_03.png.import
[  69% ] savepack | ファイルの保存中: res://.godot/imported/page_previous_04.png-0d28317624211baa7bf26554abdd9be0.ctex
[  69% ] savepack | ファイルの保存中: res://art_delivery/ranch_assets_v1/book/page_previous_04.png.import
[  70% ] savepack | ファイルの保存中: res://.godot/imported/page_previous_05.png-307595348b6c2da2dcd121394a9abb7c.ctex
[  70% ] savepack | ファイルの保存中: res://art_delivery/ranch_assets_v1/book/page_previous_05.png.import
[  71% ] savepack | ファイルの保存中: res://.godot/imported/paper_layer.png-e36a96d1fd81d72a72c432ce03f11e9a.ctex
[  71% ] savepack | ファイルの保存中: res://art_delivery/ranch_assets_v1/book/paper_layer.png.import
[  71% ] savepack | ファイルの保存中: res://.godot/imported/idle_left_00.png-06f81a213528025db2252d3ac9e06350.ctex
[  71% ] savepack | ファイルの保存中: res://art_delivery/ranch_assets_v1/cat/idle_left_00.png.import
[  72% ] savepack | ファイルの保存中: res://game/shop_table.gdc
[  73% ] savepack | ファイルの保存中: res://.godot/imported/idle_right_00.png-a4f8c11cb0933fd4cd10125418eaa167.ctex
[  73% ] savepack | ファイルの保存中: res://art_delivery/ranch_assets_v1/cat/idle_right_00.png.import
[  73% ] savepack | ファイルの保存中: res://game/rules.gdc
[  74% ] savepack | ファイルの保存中: res://.godot/imported/stretch_left_00.png-3f8c21dece8f338f02b9126753623898.ctex
[  74% ] savepack | ファイルの保存中: res://art_delivery/ranch_assets_v1/cat/stretch_left_00.png.import
[  75% ] savepack | ファイルの保存中: res://.godot/imported/stretch_left_01.png-17903136dfd62b9da1f1d75608c9c0c2.ctex
[  75% ] savepack | ファイルの保存中: res://art_delivery/ranch_assets_v1/cat/stretch_left_01.png.import
[  75% ] savepack | ファイルの保存中: res://game/raider_ai.gdc
[  76% ] savepack | ファイルの保存中: res://.godot/imported/stretch_right_00.png-650eb010a68fcc3e1adfd4a7051ca485.ctex
[  76% ] savepack | ファイルの保存中: res://art_delivery/ranch_assets_v1/cat/stretch_right_00.png.import
[  77% ] savepack | ファイルの保存中: res://.godot/imported/stretch_right_01.png-0a45299c11bddf915cd10fc1ffc03b3b.ctex
[  77% ] savepack | ファイルの保存中: res://art_delivery/ranch_assets_v1/cat/stretch_right_01.png.import
[  78% ] savepack | ファイルの保存中: res://.godot/exported/133200997/export-178df499c26bcd3357cc4c21fb1eaa2e-main.scn
[  78% ] savepack | ファイルの保存中: res://.godot/imported/walk_left_00.png-16d413dfce41245f18af4acfdc926bc3.ctex
[  78% ] savepack | ファイルの保存中: res://art_delivery/ranch_assets_v1/cat/walk_left_00.png.import
[  79% ] savepack | ファイルの保存中: res://.godot/imported/walk_left_01.png-2a750889bd5fe88bfd1d65db3b3c3471.ctex
[  79% ] savepack | ファイルの保存中: res://art_delivery/ranch_assets_v1/cat/walk_left_01.png.import
[  80% ] savepack | ファイルの保存中: res://.godot/imported/walk_left_02.png-baedd183cd576be9f3f6af340b1dc66a.ctex
[  80% ] savepack | ファイルの保存中: res://art_delivery/ranch_assets_v1/cat/walk_left_02.png.import
[  80% ] savepack | ファイルの保存中: res://.godot/imported/walk_left_03.png-ad71c3f6fbc5a5c3df574e3ba9a877fa.ctex
[  80% ] savepack | ファイルの保存中: res://art_delivery/ranch_assets_v1/cat/walk_left_03.png.import
[  81% ] savepack | ファイルの保存中: res://game/main.gdc
[  82% ] savepack | ファイルの保存中: res://.godot/imported/walk_right_00.png-92ace883c0fcc1d53ccec243f3df06f8.ctex
[  82% ] savepack | ファイルの保存中: res://art_delivery/ranch_assets_v1/cat/walk_right_00.png.import
[  82% ] savepack | ファイルの保存中: res://.godot/imported/walk_right_01.png-cc008b695ef22c0c30eb782466411e92.ctex
[  82% ] savepack | ファイルの保存中: res://art_delivery/ranch_assets_v1/cat/walk_right_01.png.import
[  83% ] savepack | ファイルの保存中: res://.godot/imported/walk_right_02.png-25bcd0d072b5e39b8a8512b3fff64729.ctex
[  83% ] savepack | ファイルの保存中: res://art_delivery/ranch_assets_v1/cat/walk_right_02.png.import
[  84% ] savepack | ファイルの保存中: res://.godot/imported/walk_right_03.png-c93d9dfce826a5b4e862fcfce55cebd0.ctex
[  84% ] savepack | ファイルの保存中: res://art_delivery/ranch_assets_v1/cat/walk_right_03.png.import
[  85% ] savepack | ファイルの保存中: res://game/keeper_life.gdc
[  85% ] savepack | ファイルの保存中: res://.godot/imported/idle_left_00.png-c27918df1013a5a30333ebd6d9cb2bac.ctex
[  85% ] savepack | ファイルの保存中: res://art_delivery/ranch_assets_v1/hen/idle_left_00.png.import
[  86% ] savepack | ファイルの保存中: res://game/keeper_jobs.gdc
[  87% ] savepack | ファイルの保存中: res://.godot/imported/idle_right_00.png-56aad965143e4ed90ac9f3d51fed9708.ctex
[  87% ] savepack | ファイルの保存中: res://art_delivery/ranch_assets_v1/hen/idle_right_00.png.import
[  87% ] savepack | ファイルの保存中: res://game/farm_audio.gdc
[  88% ] savepack | ファイルの保存中: res://.godot/imported/peck_left_00.png-bb57b886d5c527495e9632b9891f89ee.ctex
[  88% ] savepack | ファイルの保存中: res://art_delivery/ranch_assets_v1/hen/peck_left_00.png.import
[  89% ] savepack | ファイルの保存中: res://.godot/imported/peck_left_01.png-62d4145d2f101770e38e4658c7235088.ctex
[  89% ] savepack | ファイルの保存中: res://art_delivery/ranch_assets_v1/hen/peck_left_01.png.import
[  89% ] savepack | ファイルの保存中: res://game/decision_ai.gdc
[  90% ] savepack | ファイルの保存中: res://.godot/imported/peck_right_00.png-88cd4cb9f8678519e81ec7af3c197961.ctex
[  90% ] savepack | ファイルの保存中: res://art_delivery/ranch_assets_v1/hen/peck_right_00.png.import
[  91% ] savepack | ファイルの保存中: res://.godot/imported/peck_right_01.png-221505b2e9cf9cc963a6d203dbb29764.ctex
[  91% ] savepack | ファイルの保存中: res://art_delivery/ranch_assets_v1/hen/peck_right_01.png.import
[  92% ] savepack | ファイルの保存中: res://game/build_stamp.json
[  92% ] savepack | ファイルの保存中: res://.godot/imported/walk_left_00.png-d71977a80b247310531d4b1c58367d73.ctex
[  92% ] savepack | ファイルの保存中: res://art_delivery/ranch_assets_v1/hen/walk_left_00.png.import
[  93% ] savepack | ファイルの保存中: res://.godot/imported/walk_left_01.png-8f497e633fd0893c3e6758637411e3a2.ctex
[  93% ] savepack | ファイルの保存中: res://art_delivery/ranch_assets_v1/hen/walk_left_01.png.import
[  94% ] savepack | ファイルの保存中: res://.godot/imported/walk_left_02.png-f4cd9c57251301c27a57185f242af90d.ctex
[  94% ] savepack | ファイルの保存中: res://art_delivery/ranch_assets_v1/hen/walk_left_02.png.import
[  94% ] savepack | ファイルの保存中: res://.godot/imported/walk_left_03.png-1101265663e58e81d451813146c43c99.ctex
[  94% ] savepack | ファイルの保存中: res://art_delivery/ranch_assets_v1/hen/walk_left_03.png.import
[  95% ] savepack | ファイルの保存中: res://game/buildings.gdc
[  96% ] savepack | ファイルの保存中: res://.godot/imported/walk_right_00.png-2ff2a183f9e215ec5a4279d500bd3781.ctex
[  96% ] savepack | ファイルの保存中: res://art_delivery/ranch_assets_v1/hen/walk_right_00.png.import
[  96% ] savepack | ファイルの保存中: res://.godot/imported/walk_right_01.png-1fc5f254b256806b9ee5101594f7eb11.ctex
[  96% ] savepack | ファイルの保存中: res://art_delivery/ranch_assets_v1/hen/walk_right_01.png.import
[  97% ] savepack | ファイルの保存中: res://.godot/imported/walk_right_02.png-d4e7481cb2f07f10ed98a5d30a504410.ctex
[  97% ] savepack | ファイルの保存中: res://art_delivery/ranch_assets_v1/hen/walk_right_02.png.import
[  98% ] savepack | ファイルの保存中: res://.godot/imported/walk_right_03.png-812b9abb74dfa235fba3327a033674da.ctex
[  98% ] savepack | ファイルの保存中: res://art_delivery/ranch_assets_v1/hen/walk_right_03.png.import
[  98% ] savepack | ファイルの保存中: res://game/book_view.gd.remap
[  98% ] savepack | ファイルの保存中: res://game/board_art.gd.remap
[  98% ] savepack | ファイルの保存中: res://game/animal_orders.gd.remap
[  98% ] savepack | ファイルの保存中: res://game/animal_data.gd.remap
[  98% ] savepack | ファイルの保存中: res://game/adopted_art.gd.remap
[  98% ] savepack | ファイルの保存中: res://assets/fonts/ui_font.tres.remap
[  98% ] savepack | ファイルの保存中: res://game/world.gd.remap
[  98% ] savepack | ファイルの保存中: res://game/ui_style.gd.remap
[  98% ] savepack | ファイルの保存中: res://game/subtasks.gd.remap
[  98% ] savepack | ファイルの保存中: res://game/stages.gd.remap
[  98% ] savepack | ファイルの保存中: res://game/shop_table.gd.remap
[  98% ] savepack | ファイルの保存中: res://game/rules.gd.remap
[  98% ] savepack | ファイルの保存中: res://game/raider_ai.gd.remap
[  98% ] savepack | ファイルの保存中: res://game/main.tscn.remap
[  98% ] savepack | ファイルの保存中: res://game/main.gd.remap
[  98% ] savepack | ファイルの保存中: res://game/keeper_life.gd.remap
[  98% ] savepack | ファイルの保存中: res://game/keeper_jobs.gd.remap
[  98% ] savepack | ファイルの保存中: res://game/farm_audio.gd.remap
[  98% ] savepack | ファイルの保存中: res://game/decision_ai.gd.remap
[  98% ] savepack | ファイルの保存中: res://game/buildings.gd.remap
[  98% ] savepack | ファイルの保存中: res://.godot/global_script_class_cache.cfg
[  98% ] savepack | ファイルの保存中: res://.godot/uid_cache.bin
[  98% ] savepack | ファイルの保存中: res://project.binary
[ DONE ] savepack

